Copyright 1986-2018 Xilinx, Inc. All Rights Reserved.
------------------------------------------------------------------------------------
| Tool Version : Vivado v.2018.3 (win64) Build 2405991 Thu Dec  6 23:38:27 MST 2018
| Date         : Tue May 13 15:45:02 2025
| Host         : Garsa running 64-bit major release  (build 9200)
| Command      : report_control_sets -verbose -file top_control_sets_placed.rpt
| Design       : top
| Device       : xc7a100t
------------------------------------------------------------------------------------

Control Set Information

Table of Contents
-----------------
1. Summary
2. Histogram
3. Flip-Flop Distribution
4. Detailed Control Set Information

1. Summary
----------

+----------------------------------------------------------+-------+
|                          Status                          | Count |
+----------------------------------------------------------+-------+
| Number of unique control sets                            |    12 |
| Unused register locations in slices containing registers |    28 |
+----------------------------------------------------------+-------+


2. Histogram
------------

+--------+--------------+
| Fanout | Control Sets |
+--------+--------------+
|      3 |            1 |
|      4 |            4 |
|      8 |            1 |
|     12 |            1 |
|    16+ |            5 |
+--------+--------------+


3. Flip-Flop Distribution
-------------------------

+--------------+-----------------------+------------------------+-----------------+--------------+
| Clock Enable | Synchronous Set/Reset | Asynchronous Set/Reset | Total Registers | Total Slices |
+--------------+-----------------------+------------------------+-----------------+--------------+
| No           | No                    | No                     |              19 |           11 |
| No           | No                    | Yes                    |               0 |            0 |
| No           | Yes                   | No                     |              62 |           16 |
| Yes          | No                    | No                     |              24 |            8 |
| Yes          | No                    | Yes                    |               0 |            0 |
| Yes          | Yes                   | No                     |              75 |           20 |
+--------------+-----------------------+------------------------+-----------------+--------------+


4. Detailed Control Set Information
-----------------------------------

+-----------------+--------------------------------------+---------------------------------+------------------+----------------+
|   Clock Signal  |             Enable Signal            |         Set/Reset Signal        | Slice Load Count | Bel Load Count |
+-----------------+--------------------------------------+---------------------------------+------------------+----------------+
|  div1khz/CLK    |                                      |                                 |                1 |              3 |
|  clk_IBUF_BUFG  |                                      |                                 |                4 |              4 |
|  clk_100hz_BUFG | fsm_inst/input_index[3]_i_2_n_0      | fsm_inst/input_index[3]_i_1_n_0 |                1 |              4 |
|  clk_100hz_BUFG | fsm_inst/seq_index[3]_i_1_n_0        |                                 |                2 |              4 |
|  clk_100hz_BUFG | fsm_inst/sequence_size[3]_i_1_n_0    |                                 |                1 |              4 |
|  clk_100hz_BUFG | fsm_inst/FSM_onehot_state[7]_i_2_n_0 | fsm_inst/state011_out           |                2 |              8 |
|  clk_100hz_BUFG |                                      |                                 |                6 |             12 |
|  clk_100hz_BUFG | fsm_inst/leds_on_i_1_n_0             |                                 |                5 |             16 |
|  clk_IBUF_BUFG  |                                      | div100hz/count[31]_i_1__0_n_0   |                8 |             31 |
|  clk_IBUF_BUFG  |                                      | div1khz/count[31]_i_1__1_n_0    |                8 |             31 |
|  clk_100hz_BUFG | fsm_inst/count[31]_i_2_n_0           | fsm_inst/count[31]_i_1_n_0      |                8 |             31 |
|  clk_100hz_BUFG | fsm_inst/count_2[31]_i_2_n_0         | fsm_inst/count_2[31]_i_1_n_0    |                9 |             32 |
+-----------------+--------------------------------------+---------------------------------+------------------+----------------+


