
*** Running vivado
    with args -log top.vds -m64 -product Vivado -mode batch -messageDb vivado.pb -notrace -source top.tcl


****** Vivado v2023.1 (64-bit)
  **** SW Build 3865809 on Sun May  7 15:04:56 MDT 2023
  **** IP Build 3864474 on Sun May  7 20:36:21 MDT 2023
  **** SharedData Build 3865790 on Sun May 07 13:33:03 MDT 2023
    ** Copyright 1986-2022 Xilinx, Inc. All Rights Reserved.
    ** Copyright 2022-2023 Advanced Micro Devices, Inc. All Rights Reserved.

source top.tcl -notrace
create_project: Time (s): cpu = 00:00:06 ; elapsed = 00:00:06 . Memory (MB): peak = 1490.422 ; gain = 0.020 ; free physical = 4417 ; free virtual = 20364
Command: synth_design -top top -part xc7a100tcsg324-1
Starting synth_design
Attempting to get a license for feature 'Synthesis' and/or device 'xc7a100t'
INFO: [Common 17-349] Got license for feature 'Synthesis' and/or device 'xc7a100t'
INFO: [Device 21-403] Loading part xc7a100tcsg324-1
INFO: [Synth 8-7079] Multithreading enabled for synth_design using a maximum of 4 processes.
INFO: [Synth 8-7078] Launching helper process for spawning children vivado processes
INFO: [Synth 8-7075] Helper process launched with PID 29739
---------------------------------------------------------------------------------
Starting RTL Elaboration : Time (s): cpu = 00:00:03 ; elapsed = 00:00:03 . Memory (MB): peak = 2220.105 ; gain = 378.770 ; free physical = 3433 ; free virtual = 19382
---------------------------------------------------------------------------------
INFO: [Synth 8-6157] synthesizing module 'top' [/home/garsa/Projects/Personal/vivado-code/trab1_fci.srcs/sources_1/new/top.sv:1]
INFO: [Synth 8-6157] synthesizing module 'clkdiv' [/home/garsa/Projects/Personal/vivado-code/trab1_fci.srcs/sources_1/new/clkdiv.sv:1]
	Parameter DIV bound to: 100000000 - type: integer 
INFO: [Synth 8-6155] done synthesizing module 'clkdiv' (0#1) [/home/garsa/Projects/Personal/vivado-code/trab1_fci.srcs/sources_1/new/clkdiv.sv:1]
INFO: [Synth 8-6157] synthesizing module 'fsm_game' [/home/garsa/Projects/Personal/vivado-code/trab1_fci.srcs/sources_1/new/fsm_game.sv:1]
INFO: [Synth 8-294] found qualifier unique on case statement: implementing as parallel_case [/home/garsa/Projects/Personal/vivado-code/trab1_fci.srcs/sources_1/new/fsm_game.sv:17]
INFO: [Synth 8-6155] done synthesizing module 'fsm_game' (0#1) [/home/garsa/Projects/Personal/vivado-code/trab1_fci.srcs/sources_1/new/fsm_game.sv:1]
INFO: [Synth 8-6157] synthesizing module 'led_rgb_controller' [/home/garsa/Projects/Personal/vivado-code/trab1_fci.srcs/sources_1/new/led_rgb_controller.sv:1]
INFO: [Synth 8-6155] done synthesizing module 'led_rgb_controller' (0#1) [/home/garsa/Projects/Personal/vivado-code/trab1_fci.srcs/sources_1/new/led_rgb_controller.sv:1]
INFO: [Synth 8-6157] synthesizing module 'display_controller' [/home/garsa/Projects/Personal/vivado-code/trab1_fci.srcs/sources_1/new/display_controller.sv:1]
INFO: [Synth 8-6157] synthesizing module 'seg_7_enum' [/home/garsa/Projects/Personal/vivado-code/trab1_fci.srcs/sources_1/new/seg_7_enum.sv:1]
INFO: [Synth 8-6155] done synthesizing module 'seg_7_enum' (0#1) [/home/garsa/Projects/Personal/vivado-code/trab1_fci.srcs/sources_1/new/seg_7_enum.sv:1]
INFO: [Synth 8-6155] done synthesizing module 'display_controller' (0#1) [/home/garsa/Projects/Personal/vivado-code/trab1_fci.srcs/sources_1/new/display_controller.sv:1]
INFO: [Synth 8-6155] done synthesizing module 'top' (0#1) [/home/garsa/Projects/Personal/vivado-code/trab1_fci.srcs/sources_1/new/top.sv:1]
---------------------------------------------------------------------------------
Finished RTL Elaboration : Time (s): cpu = 00:00:04 ; elapsed = 00:00:05 . Memory (MB): peak = 2285.074 ; gain = 443.738 ; free physical = 3347 ; free virtual = 19296
---------------------------------------------------------------------------------
---------------------------------------------------------------------------------
Start Handling Custom Attributes
---------------------------------------------------------------------------------
---------------------------------------------------------------------------------
Finished Handling Custom Attributes : Time (s): cpu = 00:00:04 ; elapsed = 00:00:05 . Memory (MB): peak = 2299.918 ; gain = 458.582 ; free physical = 3347 ; free virtual = 19296
---------------------------------------------------------------------------------
---------------------------------------------------------------------------------
Finished RTL Optimization Phase 1 : Time (s): cpu = 00:00:04 ; elapsed = 00:00:05 . Memory (MB): peak = 2299.918 ; gain = 458.582 ; free physical = 3347 ; free virtual = 19296
---------------------------------------------------------------------------------
Netlist sorting complete. Time (s): cpu = 00:00:00 ; elapsed = 00:00:00 . Memory (MB): peak = 2299.918 ; gain = 0.000 ; free physical = 3347 ; free virtual = 19296
INFO: [Project 1-570] Preparing netlist for logic optimization

Processing XDC Constraints
Initializing timing engine
Parsing XDC File [/home/garsa/Projects/Personal/vivado-code/trab1_fci.srcs/constrs_1/new/nexys4ddr.xdc]
Finished Parsing XDC File [/home/garsa/Projects/Personal/vivado-code/trab1_fci.srcs/constrs_1/new/nexys4ddr.xdc]
INFO: [Project 1-236] Implementation specific constraints were found while reading constraint file [/home/garsa/Projects/Personal/vivado-code/trab1_fci.srcs/constrs_1/new/nexys4ddr.xdc]. These constraints will be ignored for synthesis but will be used in implementation. Impacted constraints are listed in the file [.Xil/top_propImpl.xdc].
Resolution: To avoid this warning, move constraints listed in [.Xil/top_propImpl.xdc] to another XDC file and exclude this new file from synthesis with the used_in_synthesis property (File Properties dialog in GUI) and re-run elaboration/synthesis.
Completed Processing XDC Constraints

Netlist sorting complete. Time (s): cpu = 00:00:00 ; elapsed = 00:00:00 . Memory (MB): peak = 2444.668 ; gain = 0.000 ; free physical = 3323 ; free virtual = 19273
INFO: [Project 1-111] Unisim Transformation Summary:
No Unisim elements were transformed.

Constraint Validation Runtime : Time (s): cpu = 00:00:00 ; elapsed = 00:00:00 . Memory (MB): peak = 2444.668 ; gain = 0.000 ; free physical = 3323 ; free virtual = 19273
---------------------------------------------------------------------------------
Finished Constraint Validation : Time (s): cpu = 00:00:09 ; elapsed = 00:00:10 . Memory (MB): peak = 2444.668 ; gain = 603.332 ; free physical = 3321 ; free virtual = 19271
---------------------------------------------------------------------------------
---------------------------------------------------------------------------------
Start Loading Part and Timing Information
---------------------------------------------------------------------------------
Loading part: xc7a100tcsg324-1
---------------------------------------------------------------------------------
Finished Loading Part and Timing Information : Time (s): cpu = 00:00:09 ; elapsed = 00:00:10 . Memory (MB): peak = 2444.668 ; gain = 603.332 ; free physical = 3321 ; free virtual = 19271
---------------------------------------------------------------------------------
---------------------------------------------------------------------------------
Start Applying 'set_property' XDC Constraints
---------------------------------------------------------------------------------
---------------------------------------------------------------------------------
Finished applying 'set_property' XDC Constraints : Time (s): cpu = 00:00:09 ; elapsed = 00:00:10 . Memory (MB): peak = 2444.668 ; gain = 603.332 ; free physical = 3321 ; free virtual = 19271
---------------------------------------------------------------------------------
INFO: [Synth 8-802] inferred FSM for state register 'state_reg' in module 'fsm_game'
---------------------------------------------------------------------------------------------------
                   State |                     New Encoding |                Previous Encoding 
---------------------------------------------------------------------------------------------------
                   START |                            00001 |                              000
               GREEN_LED |                            00010 |                              010
          WAIT_TO_YELLOW |                            00100 |                              100
              YELLOW_LED |                            01000 |                              011
                 RED_LED |                            10000 |                              001
---------------------------------------------------------------------------------------------------
INFO: [Synth 8-3354] encoded FSM with state register 'state_reg' using encoding 'one-hot' in module 'fsm_game'
---------------------------------------------------------------------------------
Finished RTL Optimization Phase 2 : Time (s): cpu = 00:00:10 ; elapsed = 00:00:10 . Memory (MB): peak = 2444.668 ; gain = 603.332 ; free physical = 3318 ; free virtual = 19268
---------------------------------------------------------------------------------
---------------------------------------------------------------------------------
Start RTL Component Statistics 
---------------------------------------------------------------------------------
Detailed RTL Component Info : 
+---Adders : 
	   2 Input   32 Bit       Adders := 1     
	   2 Input    4 Bit       Adders := 1     
	   2 Input    3 Bit       Adders := 1     
	   2 Input    2 Bit       Adders := 2     
+---Registers : 
	               32 Bit    Registers := 3     
	                4 Bit    Registers := 1     
	                2 Bit    Registers := 3     
	                1 Bit    Registers := 1     
+---Muxes : 
	   5 Input   32 Bit        Muxes := 2     
	   5 Input    5 Bit        Muxes := 1     
	   5 Input    4 Bit        Muxes := 1     
	   5 Input    2 Bit        Muxes := 2     
	   5 Input    1 Bit        Muxes := 6     
	   4 Input    1 Bit        Muxes := 6     
---------------------------------------------------------------------------------
Finished RTL Component Statistics 
---------------------------------------------------------------------------------
---------------------------------------------------------------------------------
Start Part Resource Summary
---------------------------------------------------------------------------------
Part Resources:
DSPs: 240 (col length:80)
BRAMs: 270 (col length: RAMB18 80 RAMB36 40)
---------------------------------------------------------------------------------
Finished Part Resource Summary
---------------------------------------------------------------------------------
---------------------------------------------------------------------------------
Start Cross Boundary and Area Optimization
---------------------------------------------------------------------------------
WARNING: [Synth 8-7080] Parallel synthesis criteria is not met
WARNING: [Synth 8-3917] design top has port an[7] driven by constant 1
WARNING: [Synth 8-3917] design top has port an[6] driven by constant 1
WARNING: [Synth 8-3917] design top has port an[5] driven by constant 1
WARNING: [Synth 8-3917] design top has port an[4] driven by constant 1
WARNING: [Synth 8-3917] design top has port an[3] driven by constant 1
WARNING: [Synth 8-3917] design top has port an[2] driven by constant 1
WARNING: [Synth 8-3917] design top has port an[1] driven by constant 1
WARNING: [Synth 8-3917] design top has port an[0] driven by constant 0
---------------------------------------------------------------------------------
Finished Cross Boundary and Area Optimization : Time (s): cpu = 00:00:11 ; elapsed = 00:00:11 . Memory (MB): peak = 2444.668 ; gain = 603.332 ; free physical = 3291 ; free virtual = 19245
---------------------------------------------------------------------------------
---------------------------------------------------------------------------------
Start Applying XDC Timing Constraints
---------------------------------------------------------------------------------
---------------------------------------------------------------------------------
Finished Applying XDC Timing Constraints : Time (s): cpu = 00:00:14 ; elapsed = 00:00:15 . Memory (MB): peak = 2444.668 ; gain = 603.332 ; free physical = 3290 ; free virtual = 19245
---------------------------------------------------------------------------------
---------------------------------------------------------------------------------
Start Timing Optimization
---------------------------------------------------------------------------------
---------------------------------------------------------------------------------
Finished Timing Optimization : Time (s): cpu = 00:00:14 ; elapsed = 00:00:15 . Memory (MB): peak = 2444.668 ; gain = 603.332 ; free physical = 3290 ; free virtual = 19245
---------------------------------------------------------------------------------
---------------------------------------------------------------------------------
Start Technology Mapping
---------------------------------------------------------------------------------
---------------------------------------------------------------------------------
Finished Technology Mapping : Time (s): cpu = 00:00:14 ; elapsed = 00:00:15 . Memory (MB): peak = 2444.668 ; gain = 603.332 ; free physical = 3290 ; free virtual = 19245
---------------------------------------------------------------------------------
---------------------------------------------------------------------------------
Start IO Insertion
---------------------------------------------------------------------------------
---------------------------------------------------------------------------------
Start Flattening Before IO Insertion
---------------------------------------------------------------------------------
---------------------------------------------------------------------------------
Finished Flattening Before IO Insertion
---------------------------------------------------------------------------------
---------------------------------------------------------------------------------
Start Final Netlist Cleanup
---------------------------------------------------------------------------------
---------------------------------------------------------------------------------
Finished Final Netlist Cleanup
---------------------------------------------------------------------------------
---------------------------------------------------------------------------------
Finished IO Insertion : Time (s): cpu = 00:00:18 ; elapsed = 00:00:18 . Memory (MB): peak = 2444.668 ; gain = 603.332 ; free physical = 3293 ; free virtual = 19248
---------------------------------------------------------------------------------
---------------------------------------------------------------------------------
Start Renaming Generated Instances
---------------------------------------------------------------------------------
---------------------------------------------------------------------------------
Finished Renaming Generated Instances : Time (s): cpu = 00:00:18 ; elapsed = 00:00:18 . Memory (MB): peak = 2444.668 ; gain = 603.332 ; free physical = 3293 ; free virtual = 19248
---------------------------------------------------------------------------------
---------------------------------------------------------------------------------
Start Rebuilding User Hierarchy
---------------------------------------------------------------------------------
---------------------------------------------------------------------------------
Finished Rebuilding User Hierarchy : Time (s): cpu = 00:00:18 ; elapsed = 00:00:18 . Memory (MB): peak = 2444.668 ; gain = 603.332 ; free physical = 3293 ; free virtual = 19248
---------------------------------------------------------------------------------
---------------------------------------------------------------------------------
Start Renaming Generated Ports
---------------------------------------------------------------------------------
---------------------------------------------------------------------------------
Finished Renaming Generated Ports : Time (s): cpu = 00:00:18 ; elapsed = 00:00:18 . Memory (MB): peak = 2444.668 ; gain = 603.332 ; free physical = 3293 ; free virtual = 19248
---------------------------------------------------------------------------------
---------------------------------------------------------------------------------
Start Handling Custom Attributes
---------------------------------------------------------------------------------
---------------------------------------------------------------------------------
Finished Handling Custom Attributes : Time (s): cpu = 00:00:18 ; elapsed = 00:00:18 . Memory (MB): peak = 2444.668 ; gain = 603.332 ; free physical = 3293 ; free virtual = 19248
---------------------------------------------------------------------------------
---------------------------------------------------------------------------------
Start Renaming Generated Nets
---------------------------------------------------------------------------------
---------------------------------------------------------------------------------
Finished Renaming Generated Nets : Time (s): cpu = 00:00:18 ; elapsed = 00:00:18 . Memory (MB): peak = 2444.668 ; gain = 603.332 ; free physical = 3293 ; free virtual = 19248
---------------------------------------------------------------------------------
---------------------------------------------------------------------------------
Start Writing Synthesis Report
---------------------------------------------------------------------------------

Report BlackBoxes: 
+-+--------------+----------+
| |BlackBox name |Instances |
+-+--------------+----------+
+-+--------------+----------+

Report Cell Usage: 
+------+-------+------+
|      |Cell   |Count |
+------+-------+------+
|1     |BUFG   |     1|
|2     |CARRY4 |     8|
|3     |LUT1   |     1|
|4     |LUT2   |    10|
|5     |LUT3   |     5|
|6     |LUT4   |     8|
|7     |LUT5   |     6|
|8     |LUT6   |    12|
|9     |FDRE   |    53|
|10    |IBUF   |     2|
|11    |OBUF   |    21|
+------+-------+------+
---------------------------------------------------------------------------------
Finished Writing Synthesis Report : Time (s): cpu = 00:00:18 ; elapsed = 00:00:18 . Memory (MB): peak = 2444.668 ; gain = 603.332 ; free physical = 3293 ; free virtual = 19248
---------------------------------------------------------------------------------
Synthesis finished with 0 errors, 0 critical warnings and 9 warnings.
Synthesis Optimization Runtime : Time (s): cpu = 00:00:16 ; elapsed = 00:00:17 . Memory (MB): peak = 2444.668 ; gain = 458.582 ; free physical = 3293 ; free virtual = 19248
Synthesis Optimization Complete : Time (s): cpu = 00:00:18 ; elapsed = 00:00:18 . Memory (MB): peak = 2444.668 ; gain = 603.332 ; free physical = 3293 ; free virtual = 19248
INFO: [Project 1-571] Translating synthesized netlist
Netlist sorting complete. Time (s): cpu = 00:00:00 ; elapsed = 00:00:00 . Memory (MB): peak = 2444.668 ; gain = 0.000 ; free physical = 3293 ; free virtual = 19247
INFO: [Netlist 29-17] Analyzing 8 Unisim elements for replacement
INFO: [Netlist 29-28] Unisim Transformation completed in 0 CPU seconds
INFO: [Project 1-570] Preparing netlist for logic optimization
INFO: [Opt 31-138] Pushed 0 inverter(s) to 0 load pin(s).
Netlist sorting complete. Time (s): cpu = 00:00:00 ; elapsed = 00:00:00 . Memory (MB): peak = 2444.668 ; gain = 0.000 ; free physical = 3573 ; free virtual = 19528
INFO: [Project 1-111] Unisim Transformation Summary:
No Unisim elements were transformed.

Synth Design complete | Checksum: d94df35f
INFO: [Common 17-83] Releasing license: Synthesis
30 Infos, 9 Warnings, 0 Critical Warnings and 0 Errors encountered.
synth_design completed successfully
synth_design: Time (s): cpu = 00:00:23 ; elapsed = 00:00:21 . Memory (MB): peak = 2444.668 ; gain = 954.246 ; free physical = 3573 ; free virtual = 19528
INFO: [Common 17-2834] synth_design peak Physical Memory [PSS] (MB): overall = 1760.308; main = 1463.159; forked = 374.654
INFO: [Common 17-2834] synth_design peak Virtual Memory [VSS] (MB): overall = 4041.012; main = 2444.672; forked = 1628.355
INFO: [Common 17-1381] The checkpoint '/home/garsa/Projects/Personal/vivado-code/trab1_fci.runs/synth_1/top.dcp' has been generated.
INFO: [runtcl-4] Executing : report_utilization -file top_utilization_synth.rpt -pb top_utilization_synth.pb
INFO: [Common 17-206] Exiting Vivado at Mon Sep  1 09:52:31 2025...
