Copyright 1986-2018 Xilinx, Inc. All Rights Reserved.
--------------------------------------------------------------------------------------------------------------------------------------------------------------------------------
| Tool Version : Vivado v.2018.3 (win64) Build 2405991 Thu Dec  6 23:38:27 MST 2018
| Date         : Tue May 13 15:45:42 2025
| Host         : Garsa running 64-bit major release  (build 9200)
| Command      : report_timing_summary -max_paths 10 -file top_timing_summary_routed.rpt -pb top_timing_summary_routed.pb -rpx top_timing_summary_routed.rpx -warn_on_violation
| Design       : top
| Device       : 7a100t-csg324
| Speed File   : -1  PRODUCTION 1.23 2018-06-13
--------------------------------------------------------------------------------------------------------------------------------------------------------------------------------

Timing Summary Report

------------------------------------------------------------------------------------------------
| Timer Settings
| --------------
------------------------------------------------------------------------------------------------

  Enable Multi Corner Analysis               :  Yes
  Enable Pessimism Removal                   :  Yes
  Pessimism Removal Resolution               :  Nearest Common Node
  Enable Input Delay Default Clock           :  No
  Enable Preset / Clear Arcs                 :  No
  Disable Flight Delays                      :  No
  Ignore I/O Paths                           :  No
  Timing Early Launch at Borrowing Latches   :  false

  Corner  Analyze    Analyze    
  Name    Max Paths  Min Paths  
  ------  ---------  ---------  
  Slow    Yes        Yes        
  Fast    Yes        Yes        



check_timing report

Table of Contents
-----------------
1. checking no_clock
2. checking constant_clock
3. checking pulse_width_clock
4. checking unconstrained_internal_endpoints
5. checking no_input_delay
6. checking no_output_delay
7. checking multiple_clock
8. checking generated_clocks
9. checking loops
10. checking partial_input_delay
11. checking partial_output_delay
12. checking latch_loops

1. checking no_clock
--------------------
 There are 111 register/latch pins with no clock driven by root clock pin: div100hz/tick_reg/Q (HIGH)

 There are 3 register/latch pins with no clock driven by root clock pin: div1khz/tick_reg/Q (HIGH)


2. checking constant_clock
--------------------------
 There are 0 register/latch pins with constant_clock.


3. checking pulse_width_clock
-----------------------------
 There are 0 register/latch pins which need pulse_width check


4. checking unconstrained_internal_endpoints
--------------------------------------------
 There are 287 pins that are not constrained for maximum delay. (HIGH)

 There are 0 pins that are not constrained for maximum delay due to constant clock.


5. checking no_input_delay
--------------------------
 There are 5 input ports with no input delay specified. (HIGH)

 There are 0 input ports with no input delay but user has a false path constraint.


6. checking no_output_delay
---------------------------
 There are 34 ports with no output delay specified. (HIGH)

 There are 0 ports with no output delay but user has a false path constraint

 There are 0 ports with no output delay but with a timing clock defined on it or propagating through it


7. checking multiple_clock
--------------------------
 There are 0 register/latch pins with multiple clocks.


8. checking generated_clocks
----------------------------
 There are 0 generated clocks that are not connected to a clock source.


9. checking loops
-----------------
 There are 0 combinational loops in the design.


10. checking partial_input_delay
--------------------------------
 There are 0 input ports with partial input delay specified.


11. checking partial_output_delay
---------------------------------
 There are 0 ports with partial output delay specified.


12. checking latch_loops
------------------------
 There are 0 combinational latch loops in the design through latch input



------------------------------------------------------------------------------------------------
| Design Timing Summary
| ---------------------
------------------------------------------------------------------------------------------------

    WNS(ns)      TNS(ns)  TNS Failing Endpoints  TNS Total Endpoints      WHS(ns)      THS(ns)  THS Failing Endpoints  THS Total Endpoints     WPWS(ns)     TPWS(ns)  TPWS Failing Endpoints  TPWS Total Endpoints  
    -------      -------  ---------------------  -------------------      -------      -------  ---------------------  -------------------     --------     --------  ----------------------  --------------------  
      5.077        0.000                      0                  128        0.246        0.000                      0                  128        4.500        0.000                       0                    67  


All user specified timing constraints are met.


------------------------------------------------------------------------------------------------
| Clock Summary
| -------------
------------------------------------------------------------------------------------------------

Clock        Waveform(ns)       Period(ns)      Frequency(MHz)
-----        ------------       ----------      --------------
sys_clk_pin  {0.000 5.000}      10.000          100.000         


------------------------------------------------------------------------------------------------
| Intra Clock Table
| -----------------
------------------------------------------------------------------------------------------------

Clock             WNS(ns)      TNS(ns)  TNS Failing Endpoints  TNS Total Endpoints      WHS(ns)      THS(ns)  THS Failing Endpoints  THS Total Endpoints     WPWS(ns)     TPWS(ns)  TPWS Failing Endpoints  TPWS Total Endpoints  
-----             -------      -------  ---------------------  -------------------      -------      -------  ---------------------  -------------------     --------     --------  ----------------------  --------------------  
sys_clk_pin         5.077        0.000                      0                  128        0.246        0.000                      0                  128        4.500        0.000                       0                    67  


------------------------------------------------------------------------------------------------
| Inter Clock Table
| -----------------
------------------------------------------------------------------------------------------------

From Clock    To Clock          WNS(ns)      TNS(ns)  TNS Failing Endpoints  TNS Total Endpoints      WHS(ns)      THS(ns)  THS Failing Endpoints  THS Total Endpoints  
----------    --------          -------      -------  ---------------------  -------------------      -------      -------  ---------------------  -------------------  


------------------------------------------------------------------------------------------------
| Other Path Groups Table
| -----------------------
------------------------------------------------------------------------------------------------

Path Group    From Clock    To Clock          WNS(ns)      TNS(ns)  TNS Failing Endpoints  TNS Total Endpoints      WHS(ns)      THS(ns)  THS Failing Endpoints  THS Total Endpoints  
----------    ----------    --------          -------      -------  ---------------------  -------------------      -------      -------  ---------------------  -------------------  


------------------------------------------------------------------------------------------------
| Timing Details
| --------------
------------------------------------------------------------------------------------------------


---------------------------------------------------------------------------------------------------
From Clock:  sys_clk_pin
  To Clock:  sys_clk_pin

Setup :            0  Failing Endpoints,  Worst Slack        5.077ns,  Total Violation        0.000ns
Hold  :            0  Failing Endpoints,  Worst Slack        0.246ns,  Total Violation        0.000ns
PW    :            0  Failing Endpoints,  Worst Slack        4.500ns,  Total Violation        0.000ns
---------------------------------------------------------------------------------------------------


Max Delay Paths
--------------------------------------------------------------------------------------
Slack (MET) :             5.077ns  (required time - arrival time)
  Source:                 div1khz/count_reg[31]/C
                            (rising edge-triggered cell FDRE clocked by sys_clk_pin  {rise@0.000ns fall@5.000ns period=10.000ns})
  Destination:            div1khz/count_reg[25]/R
                            (rising edge-triggered cell FDRE clocked by sys_clk_pin  {rise@0.000ns fall@5.000ns period=10.000ns})
  Path Group:             sys_clk_pin
  Path Type:              Setup (Max at Slow Process Corner)
  Requirement:            10.000ns  (sys_clk_pin rise@10.000ns - sys_clk_pin rise@0.000ns)
  Data Path Delay:        4.434ns  (logic 0.828ns (18.672%)  route 3.606ns (81.328%))
  Logic Levels:           3  (LUT4=2 LUT5=1)
  Clock Path Skew:        -0.024ns (DCD - SCD + CPR)
    Destination Clock Delay (DCD):    5.014ns = ( 15.014 - 10.000 ) 
    Source Clock Delay      (SCD):    5.314ns
    Clock Pessimism Removal (CPR):    0.276ns
  Clock Uncertainty:      0.035ns  ((TSJ^2 + TIJ^2)^1/2 + DJ) / 2 + PE
    Total System Jitter     (TSJ):    0.071ns
    Total Input Jitter      (TIJ):    0.000ns
    Discrete Jitter          (DJ):    0.000ns
    Phase Error              (PE):    0.000ns

    Location             Delay type                Incr(ns)  Path(ns)    Netlist Resource(s)
  -------------------------------------------------------------------    -------------------
                         (clock sys_clk_pin rise edge)
                                                      0.000     0.000 r  
    E3                                                0.000     0.000 r  clk (IN)
                         net (fo=0)                   0.000     0.000    clk
    E3                   IBUF (Prop_ibuf_I_O)         1.482     1.482 r  clk_IBUF_inst/O
                         net (fo=1, routed)           2.025     3.506    clk_IBUF
    BUFGCTRL_X0Y16       BUFG (Prop_bufg_I_O)         0.096     3.602 r  clk_IBUF_BUFG_inst/O
                         net (fo=66, routed)          1.711     5.314    div1khz/clk_IBUF_BUFG
    SLICE_X7Y79          FDRE                                         r  div1khz/count_reg[31]/C
  -------------------------------------------------------------------    -------------------
    SLICE_X7Y79          FDRE (Prop_fdre_C_Q)         0.456     5.770 f  div1khz/count_reg[31]/Q
                         net (fo=2, routed)           0.809     6.579    div1khz/count_reg_n_0_[31]
    SLICE_X5Y79          LUT4 (Prop_lut4_I2_O)        0.124     6.703 f  div1khz/count[31]_i_9__1/O
                         net (fo=1, routed)           0.684     7.386    div1khz/count[31]_i_9__1_n_0
    SLICE_X5Y78          LUT5 (Prop_lut5_I4_O)        0.124     7.510 f  div1khz/count[31]_i_5__1/O
                         net (fo=1, routed)           0.959     8.470    div1khz/count[31]_i_5__1_n_0
    SLICE_X6Y75          LUT4 (Prop_lut4_I2_O)        0.124     8.594 r  div1khz/count[31]_i_1__1/O
                         net (fo=32, routed)          1.154     9.748    div1khz/count[31]_i_1__1_n_0
    SLICE_X7Y78          FDRE                                         r  div1khz/count_reg[25]/R
  -------------------------------------------------------------------    -------------------

                         (clock sys_clk_pin rise edge)
                                                     10.000    10.000 r  
    E3                                                0.000    10.000 r  clk (IN)
                         net (fo=0)                   0.000    10.000    clk
    E3                   IBUF (Prop_ibuf_I_O)         1.411    11.411 r  clk_IBUF_inst/O
                         net (fo=1, routed)           1.920    13.331    clk_IBUF
    BUFGCTRL_X0Y16       BUFG (Prop_bufg_I_O)         0.091    13.422 r  clk_IBUF_BUFG_inst/O
                         net (fo=66, routed)          1.591    15.014    div1khz/clk_IBUF_BUFG
    SLICE_X7Y78          FDRE                                         r  div1khz/count_reg[25]/C
                         clock pessimism              0.276    15.290    
                         clock uncertainty           -0.035    15.254    
    SLICE_X7Y78          FDRE (Setup_fdre_C_R)       -0.429    14.825    div1khz/count_reg[25]
  -------------------------------------------------------------------
                         required time                         14.825    
                         arrival time                          -9.748    
  -------------------------------------------------------------------
                         slack                                  5.077    

Slack (MET) :             5.077ns  (required time - arrival time)
  Source:                 div1khz/count_reg[31]/C
                            (rising edge-triggered cell FDRE clocked by sys_clk_pin  {rise@0.000ns fall@5.000ns period=10.000ns})
  Destination:            div1khz/count_reg[26]/R
                            (rising edge-triggered cell FDRE clocked by sys_clk_pin  {rise@0.000ns fall@5.000ns period=10.000ns})
  Path Group:             sys_clk_pin
  Path Type:              Setup (Max at Slow Process Corner)
  Requirement:            10.000ns  (sys_clk_pin rise@10.000ns - sys_clk_pin rise@0.000ns)
  Data Path Delay:        4.434ns  (logic 0.828ns (18.672%)  route 3.606ns (81.328%))
  Logic Levels:           3  (LUT4=2 LUT5=1)
  Clock Path Skew:        -0.024ns (DCD - SCD + CPR)
    Destination Clock Delay (DCD):    5.014ns = ( 15.014 - 10.000 ) 
    Source Clock Delay      (SCD):    5.314ns
    Clock Pessimism Removal (CPR):    0.276ns
  Clock Uncertainty:      0.035ns  ((TSJ^2 + TIJ^2)^1/2 + DJ) / 2 + PE
    Total System Jitter     (TSJ):    0.071ns
    Total Input Jitter      (TIJ):    0.000ns
    Discrete Jitter          (DJ):    0.000ns
    Phase Error              (PE):    0.000ns

    Location             Delay type                Incr(ns)  Path(ns)    Netlist Resource(s)
  -------------------------------------------------------------------    -------------------
                         (clock sys_clk_pin rise edge)
                                                      0.000     0.000 r  
    E3                                                0.000     0.000 r  clk (IN)
                         net (fo=0)                   0.000     0.000    clk
    E3                   IBUF (Prop_ibuf_I_O)         1.482     1.482 r  clk_IBUF_inst/O
                         net (fo=1, routed)           2.025     3.506    clk_IBUF
    BUFGCTRL_X0Y16       BUFG (Prop_bufg_I_O)         0.096     3.602 r  clk_IBUF_BUFG_inst/O
                         net (fo=66, routed)          1.711     5.314    div1khz/clk_IBUF_BUFG
    SLICE_X7Y79          FDRE                                         r  div1khz/count_reg[31]/C
  -------------------------------------------------------------------    -------------------
    SLICE_X7Y79          FDRE (Prop_fdre_C_Q)         0.456     5.770 f  div1khz/count_reg[31]/Q
                         net (fo=2, routed)           0.809     6.579    div1khz/count_reg_n_0_[31]
    SLICE_X5Y79          LUT4 (Prop_lut4_I2_O)        0.124     6.703 f  div1khz/count[31]_i_9__1/O
                         net (fo=1, routed)           0.684     7.386    div1khz/count[31]_i_9__1_n_0
    SLICE_X5Y78          LUT5 (Prop_lut5_I4_O)        0.124     7.510 f  div1khz/count[31]_i_5__1/O
                         net (fo=1, routed)           0.959     8.470    div1khz/count[31]_i_5__1_n_0
    SLICE_X6Y75          LUT4 (Prop_lut4_I2_O)        0.124     8.594 r  div1khz/count[31]_i_1__1/O
                         net (fo=32, routed)          1.154     9.748    div1khz/count[31]_i_1__1_n_0
    SLICE_X7Y78          FDRE                                         r  div1khz/count_reg[26]/R
  -------------------------------------------------------------------    -------------------

                         (clock sys_clk_pin rise edge)
                                                     10.000    10.000 r  
    E3                                                0.000    10.000 r  clk (IN)
                         net (fo=0)                   0.000    10.000    clk
    E3                   IBUF (Prop_ibuf_I_O)         1.411    11.411 r  clk_IBUF_inst/O
                         net (fo=1, routed)           1.920    13.331    clk_IBUF
    BUFGCTRL_X0Y16       BUFG (Prop_bufg_I_O)         0.091    13.422 r  clk_IBUF_BUFG_inst/O
                         net (fo=66, routed)          1.591    15.014    div1khz/clk_IBUF_BUFG
    SLICE_X7Y78          FDRE                                         r  div1khz/count_reg[26]/C
                         clock pessimism              0.276    15.290    
                         clock uncertainty           -0.035    15.254    
    SLICE_X7Y78          FDRE (Setup_fdre_C_R)       -0.429    14.825    div1khz/count_reg[26]
  -------------------------------------------------------------------
                         required time                         14.825    
                         arrival time                          -9.748    
  -------------------------------------------------------------------
                         slack                                  5.077    

Slack (MET) :             5.077ns  (required time - arrival time)
  Source:                 div1khz/count_reg[31]/C
                            (rising edge-triggered cell FDRE clocked by sys_clk_pin  {rise@0.000ns fall@5.000ns period=10.000ns})
  Destination:            div1khz/count_reg[27]/R
                            (rising edge-triggered cell FDRE clocked by sys_clk_pin  {rise@0.000ns fall@5.000ns period=10.000ns})
  Path Group:             sys_clk_pin
  Path Type:              Setup (Max at Slow Process Corner)
  Requirement:            10.000ns  (sys_clk_pin rise@10.000ns - sys_clk_pin rise@0.000ns)
  Data Path Delay:        4.434ns  (logic 0.828ns (18.672%)  route 3.606ns (81.328%))
  Logic Levels:           3  (LUT4=2 LUT5=1)
  Clock Path Skew:        -0.024ns (DCD - SCD + CPR)
    Destination Clock Delay (DCD):    5.014ns = ( 15.014 - 10.000 ) 
    Source Clock Delay      (SCD):    5.314ns
    Clock Pessimism Removal (CPR):    0.276ns
  Clock Uncertainty:      0.035ns  ((TSJ^2 + TIJ^2)^1/2 + DJ) / 2 + PE
    Total System Jitter     (TSJ):    0.071ns
    Total Input Jitter      (TIJ):    0.000ns
    Discrete Jitter          (DJ):    0.000ns
    Phase Error              (PE):    0.000ns

    Location             Delay type                Incr(ns)  Path(ns)    Netlist Resource(s)
  -------------------------------------------------------------------    -------------------
                         (clock sys_clk_pin rise edge)
                                                      0.000     0.000 r  
    E3                                                0.000     0.000 r  clk (IN)
                         net (fo=0)                   0.000     0.000    clk
    E3                   IBUF (Prop_ibuf_I_O)         1.482     1.482 r  clk_IBUF_inst/O
                         net (fo=1, routed)           2.025     3.506    clk_IBUF
    BUFGCTRL_X0Y16       BUFG (Prop_bufg_I_O)         0.096     3.602 r  clk_IBUF_BUFG_inst/O
                         net (fo=66, routed)          1.711     5.314    div1khz/clk_IBUF_BUFG
    SLICE_X7Y79          FDRE                                         r  div1khz/count_reg[31]/C
  -------------------------------------------------------------------    -------------------
    SLICE_X7Y79          FDRE (Prop_fdre_C_Q)         0.456     5.770 f  div1khz/count_reg[31]/Q
                         net (fo=2, routed)           0.809     6.579    div1khz/count_reg_n_0_[31]
    SLICE_X5Y79          LUT4 (Prop_lut4_I2_O)        0.124     6.703 f  div1khz/count[31]_i_9__1/O
                         net (fo=1, routed)           0.684     7.386    div1khz/count[31]_i_9__1_n_0
    SLICE_X5Y78          LUT5 (Prop_lut5_I4_O)        0.124     7.510 f  div1khz/count[31]_i_5__1/O
                         net (fo=1, routed)           0.959     8.470    div1khz/count[31]_i_5__1_n_0
    SLICE_X6Y75          LUT4 (Prop_lut4_I2_O)        0.124     8.594 r  div1khz/count[31]_i_1__1/O
                         net (fo=32, routed)          1.154     9.748    div1khz/count[31]_i_1__1_n_0
    SLICE_X7Y78          FDRE                                         r  div1khz/count_reg[27]/R
  -------------------------------------------------------------------    -------------------

                         (clock sys_clk_pin rise edge)
                                                     10.000    10.000 r  
    E3                                                0.000    10.000 r  clk (IN)
                         net (fo=0)                   0.000    10.000    clk
    E3                   IBUF (Prop_ibuf_I_O)         1.411    11.411 r  clk_IBUF_inst/O
                         net (fo=1, routed)           1.920    13.331    clk_IBUF
    BUFGCTRL_X0Y16       BUFG (Prop_bufg_I_O)         0.091    13.422 r  clk_IBUF_BUFG_inst/O
                         net (fo=66, routed)          1.591    15.014    div1khz/clk_IBUF_BUFG
    SLICE_X7Y78          FDRE                                         r  div1khz/count_reg[27]/C
                         clock pessimism              0.276    15.290    
                         clock uncertainty           -0.035    15.254    
    SLICE_X7Y78          FDRE (Setup_fdre_C_R)       -0.429    14.825    div1khz/count_reg[27]
  -------------------------------------------------------------------
                         required time                         14.825    
                         arrival time                          -9.748    
  -------------------------------------------------------------------
                         slack                                  5.077    

Slack (MET) :             5.077ns  (required time - arrival time)
  Source:                 div1khz/count_reg[31]/C
                            (rising edge-triggered cell FDRE clocked by sys_clk_pin  {rise@0.000ns fall@5.000ns period=10.000ns})
  Destination:            div1khz/count_reg[28]/R
                            (rising edge-triggered cell FDRE clocked by sys_clk_pin  {rise@0.000ns fall@5.000ns period=10.000ns})
  Path Group:             sys_clk_pin
  Path Type:              Setup (Max at Slow Process Corner)
  Requirement:            10.000ns  (sys_clk_pin rise@10.000ns - sys_clk_pin rise@0.000ns)
  Data Path Delay:        4.434ns  (logic 0.828ns (18.672%)  route 3.606ns (81.328%))
  Logic Levels:           3  (LUT4=2 LUT5=1)
  Clock Path Skew:        -0.024ns (DCD - SCD + CPR)
    Destination Clock Delay (DCD):    5.014ns = ( 15.014 - 10.000 ) 
    Source Clock Delay      (SCD):    5.314ns
    Clock Pessimism Removal (CPR):    0.276ns
  Clock Uncertainty:      0.035ns  ((TSJ^2 + TIJ^2)^1/2 + DJ) / 2 + PE
    Total System Jitter     (TSJ):    0.071ns
    Total Input Jitter      (TIJ):    0.000ns
    Discrete Jitter          (DJ):    0.000ns
    Phase Error              (PE):    0.000ns

    Location             Delay type                Incr(ns)  Path(ns)    Netlist Resource(s)
  -------------------------------------------------------------------    -------------------
                         (clock sys_clk_pin rise edge)
                                                      0.000     0.000 r  
    E3                                                0.000     0.000 r  clk (IN)
                         net (fo=0)                   0.000     0.000    clk
    E3                   IBUF (Prop_ibuf_I_O)         1.482     1.482 r  clk_IBUF_inst/O
                         net (fo=1, routed)           2.025     3.506    clk_IBUF
    BUFGCTRL_X0Y16       BUFG (Prop_bufg_I_O)         0.096     3.602 r  clk_IBUF_BUFG_inst/O
                         net (fo=66, routed)          1.711     5.314    div1khz/clk_IBUF_BUFG
    SLICE_X7Y79          FDRE                                         r  div1khz/count_reg[31]/C
  -------------------------------------------------------------------    -------------------
    SLICE_X7Y79          FDRE (Prop_fdre_C_Q)         0.456     5.770 f  div1khz/count_reg[31]/Q
                         net (fo=2, routed)           0.809     6.579    div1khz/count_reg_n_0_[31]
    SLICE_X5Y79          LUT4 (Prop_lut4_I2_O)        0.124     6.703 f  div1khz/count[31]_i_9__1/O
                         net (fo=1, routed)           0.684     7.386    div1khz/count[31]_i_9__1_n_0
    SLICE_X5Y78          LUT5 (Prop_lut5_I4_O)        0.124     7.510 f  div1khz/count[31]_i_5__1/O
                         net (fo=1, routed)           0.959     8.470    div1khz/count[31]_i_5__1_n_0
    SLICE_X6Y75          LUT4 (Prop_lut4_I2_O)        0.124     8.594 r  div1khz/count[31]_i_1__1/O
                         net (fo=32, routed)          1.154     9.748    div1khz/count[31]_i_1__1_n_0
    SLICE_X7Y78          FDRE                                         r  div1khz/count_reg[28]/R
  -------------------------------------------------------------------    -------------------

                         (clock sys_clk_pin rise edge)
                                                     10.000    10.000 r  
    E3                                                0.000    10.000 r  clk (IN)
                         net (fo=0)                   0.000    10.000    clk
    E3                   IBUF (Prop_ibuf_I_O)         1.411    11.411 r  clk_IBUF_inst/O
                         net (fo=1, routed)           1.920    13.331    clk_IBUF
    BUFGCTRL_X0Y16       BUFG (Prop_bufg_I_O)         0.091    13.422 r  clk_IBUF_BUFG_inst/O
                         net (fo=66, routed)          1.591    15.014    div1khz/clk_IBUF_BUFG
    SLICE_X7Y78          FDRE                                         r  div1khz/count_reg[28]/C
                         clock pessimism              0.276    15.290    
                         clock uncertainty           -0.035    15.254    
    SLICE_X7Y78          FDRE (Setup_fdre_C_R)       -0.429    14.825    div1khz/count_reg[28]
  -------------------------------------------------------------------
                         required time                         14.825    
                         arrival time                          -9.748    
  -------------------------------------------------------------------
                         slack                                  5.077    

Slack (MET) :             5.214ns  (required time - arrival time)
  Source:                 div1khz/count_reg[31]/C
                            (rising edge-triggered cell FDRE clocked by sys_clk_pin  {rise@0.000ns fall@5.000ns period=10.000ns})
  Destination:            div1khz/count_reg[21]/R
                            (rising edge-triggered cell FDRE clocked by sys_clk_pin  {rise@0.000ns fall@5.000ns period=10.000ns})
  Path Group:             sys_clk_pin
  Path Type:              Setup (Max at Slow Process Corner)
  Requirement:            10.000ns  (sys_clk_pin rise@10.000ns - sys_clk_pin rise@0.000ns)
  Data Path Delay:        4.296ns  (logic 0.828ns (19.274%)  route 3.468ns (80.726%))
  Logic Levels:           3  (LUT4=2 LUT5=1)
  Clock Path Skew:        -0.026ns (DCD - SCD + CPR)
    Destination Clock Delay (DCD):    5.012ns = ( 15.012 - 10.000 ) 
    Source Clock Delay      (SCD):    5.314ns
    Clock Pessimism Removal (CPR):    0.276ns
  Clock Uncertainty:      0.035ns  ((TSJ^2 + TIJ^2)^1/2 + DJ) / 2 + PE
    Total System Jitter     (TSJ):    0.071ns
    Total Input Jitter      (TIJ):    0.000ns
    Discrete Jitter          (DJ):    0.000ns
    Phase Error              (PE):    0.000ns

    Location             Delay type                Incr(ns)  Path(ns)    Netlist Resource(s)
  -------------------------------------------------------------------    -------------------
                         (clock sys_clk_pin rise edge)
                                                      0.000     0.000 r  
    E3                                                0.000     0.000 r  clk (IN)
                         net (fo=0)                   0.000     0.000    clk
    E3                   IBUF (Prop_ibuf_I_O)         1.482     1.482 r  clk_IBUF_inst/O
                         net (fo=1, routed)           2.025     3.506    clk_IBUF
    BUFGCTRL_X0Y16       BUFG (Prop_bufg_I_O)         0.096     3.602 r  clk_IBUF_BUFG_inst/O
                         net (fo=66, routed)          1.711     5.314    div1khz/clk_IBUF_BUFG
    SLICE_X7Y79          FDRE                                         r  div1khz/count_reg[31]/C
  -------------------------------------------------------------------    -------------------
    SLICE_X7Y79          FDRE (Prop_fdre_C_Q)         0.456     5.770 f  div1khz/count_reg[31]/Q
                         net (fo=2, routed)           0.809     6.579    div1khz/count_reg_n_0_[31]
    SLICE_X5Y79          LUT4 (Prop_lut4_I2_O)        0.124     6.703 f  div1khz/count[31]_i_9__1/O
                         net (fo=1, routed)           0.684     7.386    div1khz/count[31]_i_9__1_n_0
    SLICE_X5Y78          LUT5 (Prop_lut5_I4_O)        0.124     7.510 f  div1khz/count[31]_i_5__1/O
                         net (fo=1, routed)           0.959     8.470    div1khz/count[31]_i_5__1_n_0
    SLICE_X6Y75          LUT4 (Prop_lut4_I2_O)        0.124     8.594 r  div1khz/count[31]_i_1__1/O
                         net (fo=32, routed)          1.016     9.610    div1khz/count[31]_i_1__1_n_0
    SLICE_X7Y77          FDRE                                         r  div1khz/count_reg[21]/R
  -------------------------------------------------------------------    -------------------

                         (clock sys_clk_pin rise edge)
                                                     10.000    10.000 r  
    E3                                                0.000    10.000 r  clk (IN)
                         net (fo=0)                   0.000    10.000    clk
    E3                   IBUF (Prop_ibuf_I_O)         1.411    11.411 r  clk_IBUF_inst/O
                         net (fo=1, routed)           1.920    13.331    clk_IBUF
    BUFGCTRL_X0Y16       BUFG (Prop_bufg_I_O)         0.091    13.422 r  clk_IBUF_BUFG_inst/O
                         net (fo=66, routed)          1.589    15.012    div1khz/clk_IBUF_BUFG
    SLICE_X7Y77          FDRE                                         r  div1khz/count_reg[21]/C
                         clock pessimism              0.276    15.288    
                         clock uncertainty           -0.035    15.252    
    SLICE_X7Y77          FDRE (Setup_fdre_C_R)       -0.429    14.823    div1khz/count_reg[21]
  -------------------------------------------------------------------
                         required time                         14.823    
                         arrival time                          -9.610    
  -------------------------------------------------------------------
                         slack                                  5.214    

Slack (MET) :             5.214ns  (required time - arrival time)
  Source:                 div1khz/count_reg[31]/C
                            (rising edge-triggered cell FDRE clocked by sys_clk_pin  {rise@0.000ns fall@5.000ns period=10.000ns})
  Destination:            div1khz/count_reg[22]/R
                            (rising edge-triggered cell FDRE clocked by sys_clk_pin  {rise@0.000ns fall@5.000ns period=10.000ns})
  Path Group:             sys_clk_pin
  Path Type:              Setup (Max at Slow Process Corner)
  Requirement:            10.000ns  (sys_clk_pin rise@10.000ns - sys_clk_pin rise@0.000ns)
  Data Path Delay:        4.296ns  (logic 0.828ns (19.274%)  route 3.468ns (80.726%))
  Logic Levels:           3  (LUT4=2 LUT5=1)
  Clock Path Skew:        -0.026ns (DCD - SCD + CPR)
    Destination Clock Delay (DCD):    5.012ns = ( 15.012 - 10.000 ) 
    Source Clock Delay      (SCD):    5.314ns
    Clock Pessimism Removal (CPR):    0.276ns
  Clock Uncertainty:      0.035ns  ((TSJ^2 + TIJ^2)^1/2 + DJ) / 2 + PE
    Total System Jitter     (TSJ):    0.071ns
    Total Input Jitter      (TIJ):    0.000ns
    Discrete Jitter          (DJ):    0.000ns
    Phase Error              (PE):    0.000ns

    Location             Delay type                Incr(ns)  Path(ns)    Netlist Resource(s)
  -------------------------------------------------------------------    -------------------
                         (clock sys_clk_pin rise edge)
                                                      0.000     0.000 r  
    E3                                                0.000     0.000 r  clk (IN)
                         net (fo=0)                   0.000     0.000    clk
    E3                   IBUF (Prop_ibuf_I_O)         1.482     1.482 r  clk_IBUF_inst/O
                         net (fo=1, routed)           2.025     3.506    clk_IBUF
    BUFGCTRL_X0Y16       BUFG (Prop_bufg_I_O)         0.096     3.602 r  clk_IBUF_BUFG_inst/O
                         net (fo=66, routed)          1.711     5.314    div1khz/clk_IBUF_BUFG
    SLICE_X7Y79          FDRE                                         r  div1khz/count_reg[31]/C
  -------------------------------------------------------------------    -------------------
    SLICE_X7Y79          FDRE (Prop_fdre_C_Q)         0.456     5.770 f  div1khz/count_reg[31]/Q
                         net (fo=2, routed)           0.809     6.579    div1khz/count_reg_n_0_[31]
    SLICE_X5Y79          LUT4 (Prop_lut4_I2_O)        0.124     6.703 f  div1khz/count[31]_i_9__1/O
                         net (fo=1, routed)           0.684     7.386    div1khz/count[31]_i_9__1_n_0
    SLICE_X5Y78          LUT5 (Prop_lut5_I4_O)        0.124     7.510 f  div1khz/count[31]_i_5__1/O
                         net (fo=1, routed)           0.959     8.470    div1khz/count[31]_i_5__1_n_0
    SLICE_X6Y75          LUT4 (Prop_lut4_I2_O)        0.124     8.594 r  div1khz/count[31]_i_1__1/O
                         net (fo=32, routed)          1.016     9.610    div1khz/count[31]_i_1__1_n_0
    SLICE_X7Y77          FDRE                                         r  div1khz/count_reg[22]/R
  -------------------------------------------------------------------    -------------------

                         (clock sys_clk_pin rise edge)
                                                     10.000    10.000 r  
    E3                                                0.000    10.000 r  clk (IN)
                         net (fo=0)                   0.000    10.000    clk
    E3                   IBUF (Prop_ibuf_I_O)         1.411    11.411 r  clk_IBUF_inst/O
                         net (fo=1, routed)           1.920    13.331    clk_IBUF
    BUFGCTRL_X0Y16       BUFG (Prop_bufg_I_O)         0.091    13.422 r  clk_IBUF_BUFG_inst/O
                         net (fo=66, routed)          1.589    15.012    div1khz/clk_IBUF_BUFG
    SLICE_X7Y77          FDRE                                         r  div1khz/count_reg[22]/C
                         clock pessimism              0.276    15.288    
                         clock uncertainty           -0.035    15.252    
    SLICE_X7Y77          FDRE (Setup_fdre_C_R)       -0.429    14.823    div1khz/count_reg[22]
  -------------------------------------------------------------------
                         required time                         14.823    
                         arrival time                          -9.610    
  -------------------------------------------------------------------
                         slack                                  5.214    

Slack (MET) :             5.214ns  (required time - arrival time)
  Source:                 div1khz/count_reg[31]/C
                            (rising edge-triggered cell FDRE clocked by sys_clk_pin  {rise@0.000ns fall@5.000ns period=10.000ns})
  Destination:            div1khz/count_reg[23]/R
                            (rising edge-triggered cell FDRE clocked by sys_clk_pin  {rise@0.000ns fall@5.000ns period=10.000ns})
  Path Group:             sys_clk_pin
  Path Type:              Setup (Max at Slow Process Corner)
  Requirement:            10.000ns  (sys_clk_pin rise@10.000ns - sys_clk_pin rise@0.000ns)
  Data Path Delay:        4.296ns  (logic 0.828ns (19.274%)  route 3.468ns (80.726%))
  Logic Levels:           3  (LUT4=2 LUT5=1)
  Clock Path Skew:        -0.026ns (DCD - SCD + CPR)
    Destination Clock Delay (DCD):    5.012ns = ( 15.012 - 10.000 ) 
    Source Clock Delay      (SCD):    5.314ns
    Clock Pessimism Removal (CPR):    0.276ns
  Clock Uncertainty:      0.035ns  ((TSJ^2 + TIJ^2)^1/2 + DJ) / 2 + PE
    Total System Jitter     (TSJ):    0.071ns
    Total Input Jitter      (TIJ):    0.000ns
    Discrete Jitter          (DJ):    0.000ns
    Phase Error              (PE):    0.000ns

    Location             Delay type                Incr(ns)  Path(ns)    Netlist Resource(s)
  -------------------------------------------------------------------    -------------------
                         (clock sys_clk_pin rise edge)
                                                      0.000     0.000 r  
    E3                                                0.000     0.000 r  clk (IN)
                         net (fo=0)                   0.000     0.000    clk
    E3                   IBUF (Prop_ibuf_I_O)         1.482     1.482 r  clk_IBUF_inst/O
                         net (fo=1, routed)           2.025     3.506    clk_IBUF
    BUFGCTRL_X0Y16       BUFG (Prop_bufg_I_O)         0.096     3.602 r  clk_IBUF_BUFG_inst/O
                         net (fo=66, routed)          1.711     5.314    div1khz/clk_IBUF_BUFG
    SLICE_X7Y79          FDRE                                         r  div1khz/count_reg[31]/C
  -------------------------------------------------------------------    -------------------
    SLICE_X7Y79          FDRE (Prop_fdre_C_Q)         0.456     5.770 f  div1khz/count_reg[31]/Q
                         net (fo=2, routed)           0.809     6.579    div1khz/count_reg_n_0_[31]
    SLICE_X5Y79          LUT4 (Prop_lut4_I2_O)        0.124     6.703 f  div1khz/count[31]_i_9__1/O
                         net (fo=1, routed)           0.684     7.386    div1khz/count[31]_i_9__1_n_0
    SLICE_X5Y78          LUT5 (Prop_lut5_I4_O)        0.124     7.510 f  div1khz/count[31]_i_5__1/O
                         net (fo=1, routed)           0.959     8.470    div1khz/count[31]_i_5__1_n_0
    SLICE_X6Y75          LUT4 (Prop_lut4_I2_O)        0.124     8.594 r  div1khz/count[31]_i_1__1/O
                         net (fo=32, routed)          1.016     9.610    div1khz/count[31]_i_1__1_n_0
    SLICE_X7Y77          FDRE                                         r  div1khz/count_reg[23]/R
  -------------------------------------------------------------------    -------------------

                         (clock sys_clk_pin rise edge)
                                                     10.000    10.000 r  
    E3                                                0.000    10.000 r  clk (IN)
                         net (fo=0)                   0.000    10.000    clk
    E3                   IBUF (Prop_ibuf_I_O)         1.411    11.411 r  clk_IBUF_inst/O
                         net (fo=1, routed)           1.920    13.331    clk_IBUF
    BUFGCTRL_X0Y16       BUFG (Prop_bufg_I_O)         0.091    13.422 r  clk_IBUF_BUFG_inst/O
                         net (fo=66, routed)          1.589    15.012    div1khz/clk_IBUF_BUFG
    SLICE_X7Y77          FDRE                                         r  div1khz/count_reg[23]/C
                         clock pessimism              0.276    15.288    
                         clock uncertainty           -0.035    15.252    
    SLICE_X7Y77          FDRE (Setup_fdre_C_R)       -0.429    14.823    div1khz/count_reg[23]
  -------------------------------------------------------------------
                         required time                         14.823    
                         arrival time                          -9.610    
  -------------------------------------------------------------------
                         slack                                  5.214    

Slack (MET) :             5.214ns  (required time - arrival time)
  Source:                 div1khz/count_reg[31]/C
                            (rising edge-triggered cell FDRE clocked by sys_clk_pin  {rise@0.000ns fall@5.000ns period=10.000ns})
  Destination:            div1khz/count_reg[24]/R
                            (rising edge-triggered cell FDRE clocked by sys_clk_pin  {rise@0.000ns fall@5.000ns period=10.000ns})
  Path Group:             sys_clk_pin
  Path Type:              Setup (Max at Slow Process Corner)
  Requirement:            10.000ns  (sys_clk_pin rise@10.000ns - sys_clk_pin rise@0.000ns)
  Data Path Delay:        4.296ns  (logic 0.828ns (19.274%)  route 3.468ns (80.726%))
  Logic Levels:           3  (LUT4=2 LUT5=1)
  Clock Path Skew:        -0.026ns (DCD - SCD + CPR)
    Destination Clock Delay (DCD):    5.012ns = ( 15.012 - 10.000 ) 
    Source Clock Delay      (SCD):    5.314ns
    Clock Pessimism Removal (CPR):    0.276ns
  Clock Uncertainty:      0.035ns  ((TSJ^2 + TIJ^2)^1/2 + DJ) / 2 + PE
    Total System Jitter     (TSJ):    0.071ns
    Total Input Jitter      (TIJ):    0.000ns
    Discrete Jitter          (DJ):    0.000ns
    Phase Error              (PE):    0.000ns

    Location             Delay type                Incr(ns)  Path(ns)    Netlist Resource(s)
  -------------------------------------------------------------------    -------------------
                         (clock sys_clk_pin rise edge)
                                                      0.000     0.000 r  
    E3                                                0.000     0.000 r  clk (IN)
                         net (fo=0)                   0.000     0.000    clk
    E3                   IBUF (Prop_ibuf_I_O)         1.482     1.482 r  clk_IBUF_inst/O
                         net (fo=1, routed)           2.025     3.506    clk_IBUF
    BUFGCTRL_X0Y16       BUFG (Prop_bufg_I_O)         0.096     3.602 r  clk_IBUF_BUFG_inst/O
                         net (fo=66, routed)          1.711     5.314    div1khz/clk_IBUF_BUFG
    SLICE_X7Y79          FDRE                                         r  div1khz/count_reg[31]/C
  -------------------------------------------------------------------    -------------------
    SLICE_X7Y79          FDRE (Prop_fdre_C_Q)         0.456     5.770 f  div1khz/count_reg[31]/Q
                         net (fo=2, routed)           0.809     6.579    div1khz/count_reg_n_0_[31]
    SLICE_X5Y79          LUT4 (Prop_lut4_I2_O)        0.124     6.703 f  div1khz/count[31]_i_9__1/O
                         net (fo=1, routed)           0.684     7.386    div1khz/count[31]_i_9__1_n_0
    SLICE_X5Y78          LUT5 (Prop_lut5_I4_O)        0.124     7.510 f  div1khz/count[31]_i_5__1/O
                         net (fo=1, routed)           0.959     8.470    div1khz/count[31]_i_5__1_n_0
    SLICE_X6Y75          LUT4 (Prop_lut4_I2_O)        0.124     8.594 r  div1khz/count[31]_i_1__1/O
                         net (fo=32, routed)          1.016     9.610    div1khz/count[31]_i_1__1_n_0
    SLICE_X7Y77          FDRE                                         r  div1khz/count_reg[24]/R
  -------------------------------------------------------------------    -------------------

                         (clock sys_clk_pin rise edge)
                                                     10.000    10.000 r  
    E3                                                0.000    10.000 r  clk (IN)
                         net (fo=0)                   0.000    10.000    clk
    E3                   IBUF (Prop_ibuf_I_O)         1.411    11.411 r  clk_IBUF_inst/O
                         net (fo=1, routed)           1.920    13.331    clk_IBUF
    BUFGCTRL_X0Y16       BUFG (Prop_bufg_I_O)         0.091    13.422 r  clk_IBUF_BUFG_inst/O
                         net (fo=66, routed)          1.589    15.012    div1khz/clk_IBUF_BUFG
    SLICE_X7Y77          FDRE                                         r  div1khz/count_reg[24]/C
                         clock pessimism              0.276    15.288    
                         clock uncertainty           -0.035    15.252    
    SLICE_X7Y77          FDRE (Setup_fdre_C_R)       -0.429    14.823    div1khz/count_reg[24]
  -------------------------------------------------------------------
                         required time                         14.823    
                         arrival time                          -9.610    
  -------------------------------------------------------------------
                         slack                                  5.214    

Slack (MET) :             5.361ns  (required time - arrival time)
  Source:                 div1khz/count_reg[31]/C
                            (rising edge-triggered cell FDRE clocked by sys_clk_pin  {rise@0.000ns fall@5.000ns period=10.000ns})
  Destination:            div1khz/count_reg[17]/R
                            (rising edge-triggered cell FDRE clocked by sys_clk_pin  {rise@0.000ns fall@5.000ns period=10.000ns})
  Path Group:             sys_clk_pin
  Path Type:              Setup (Max at Slow Process Corner)
  Requirement:            10.000ns  (sys_clk_pin rise@10.000ns - sys_clk_pin rise@0.000ns)
  Data Path Delay:        4.148ns  (logic 0.828ns (19.963%)  route 3.320ns (80.037%))
  Logic Levels:           3  (LUT4=2 LUT5=1)
  Clock Path Skew:        -0.027ns (DCD - SCD + CPR)
    Destination Clock Delay (DCD):    5.011ns = ( 15.011 - 10.000 ) 
    Source Clock Delay      (SCD):    5.314ns
    Clock Pessimism Removal (CPR):    0.276ns
  Clock Uncertainty:      0.035ns  ((TSJ^2 + TIJ^2)^1/2 + DJ) / 2 + PE
    Total System Jitter     (TSJ):    0.071ns
    Total Input Jitter      (TIJ):    0.000ns
    Discrete Jitter          (DJ):    0.000ns
    Phase Error              (PE):    0.000ns

    Location             Delay type                Incr(ns)  Path(ns)    Netlist Resource(s)
  -------------------------------------------------------------------    -------------------
                         (clock sys_clk_pin rise edge)
                                                      0.000     0.000 r  
    E3                                                0.000     0.000 r  clk (IN)
                         net (fo=0)                   0.000     0.000    clk
    E3                   IBUF (Prop_ibuf_I_O)         1.482     1.482 r  clk_IBUF_inst/O
                         net (fo=1, routed)           2.025     3.506    clk_IBUF
    BUFGCTRL_X0Y16       BUFG (Prop_bufg_I_O)         0.096     3.602 r  clk_IBUF_BUFG_inst/O
                         net (fo=66, routed)          1.711     5.314    div1khz/clk_IBUF_BUFG
    SLICE_X7Y79          FDRE                                         r  div1khz/count_reg[31]/C
  -------------------------------------------------------------------    -------------------
    SLICE_X7Y79          FDRE (Prop_fdre_C_Q)         0.456     5.770 f  div1khz/count_reg[31]/Q
                         net (fo=2, routed)           0.809     6.579    div1khz/count_reg_n_0_[31]
    SLICE_X5Y79          LUT4 (Prop_lut4_I2_O)        0.124     6.703 f  div1khz/count[31]_i_9__1/O
                         net (fo=1, routed)           0.684     7.386    div1khz/count[31]_i_9__1_n_0
    SLICE_X5Y78          LUT5 (Prop_lut5_I4_O)        0.124     7.510 f  div1khz/count[31]_i_5__1/O
                         net (fo=1, routed)           0.959     8.470    div1khz/count[31]_i_5__1_n_0
    SLICE_X6Y75          LUT4 (Prop_lut4_I2_O)        0.124     8.594 r  div1khz/count[31]_i_1__1/O
                         net (fo=32, routed)          0.868     9.461    div1khz/count[31]_i_1__1_n_0
    SLICE_X7Y76          FDRE                                         r  div1khz/count_reg[17]/R
  -------------------------------------------------------------------    -------------------

                         (clock sys_clk_pin rise edge)
                                                     10.000    10.000 r  
    E3                                                0.000    10.000 r  clk (IN)
                         net (fo=0)                   0.000    10.000    clk
    E3                   IBUF (Prop_ibuf_I_O)         1.411    11.411 r  clk_IBUF_inst/O
                         net (fo=1, routed)           1.920    13.331    clk_IBUF
    BUFGCTRL_X0Y16       BUFG (Prop_bufg_I_O)         0.091    13.422 r  clk_IBUF_BUFG_inst/O
                         net (fo=66, routed)          1.588    15.011    div1khz/clk_IBUF_BUFG
    SLICE_X7Y76          FDRE                                         r  div1khz/count_reg[17]/C
                         clock pessimism              0.276    15.287    
                         clock uncertainty           -0.035    15.251    
    SLICE_X7Y76          FDRE (Setup_fdre_C_R)       -0.429    14.822    div1khz/count_reg[17]
  -------------------------------------------------------------------
                         required time                         14.822    
                         arrival time                          -9.461    
  -------------------------------------------------------------------
                         slack                                  5.361    

Slack (MET) :             5.361ns  (required time - arrival time)
  Source:                 div1khz/count_reg[31]/C
                            (rising edge-triggered cell FDRE clocked by sys_clk_pin  {rise@0.000ns fall@5.000ns period=10.000ns})
  Destination:            div1khz/count_reg[18]/R
                            (rising edge-triggered cell FDRE clocked by sys_clk_pin  {rise@0.000ns fall@5.000ns period=10.000ns})
  Path Group:             sys_clk_pin
  Path Type:              Setup (Max at Slow Process Corner)
  Requirement:            10.000ns  (sys_clk_pin rise@10.000ns - sys_clk_pin rise@0.000ns)
  Data Path Delay:        4.148ns  (logic 0.828ns (19.963%)  route 3.320ns (80.037%))
  Logic Levels:           3  (LUT4=2 LUT5=1)
  Clock Path Skew:        -0.027ns (DCD - SCD + CPR)
    Destination Clock Delay (DCD):    5.011ns = ( 15.011 - 10.000 ) 
    Source Clock Delay      (SCD):    5.314ns
    Clock Pessimism Removal (CPR):    0.276ns
  Clock Uncertainty:      0.035ns  ((TSJ^2 + TIJ^2)^1/2 + DJ) / 2 + PE
    Total System Jitter     (TSJ):    0.071ns
    Total Input Jitter      (TIJ):    0.000ns
    Discrete Jitter          (DJ):    0.000ns
    Phase Error              (PE):    0.000ns

    Location             Delay type                Incr(ns)  Path(ns)    Netlist Resource(s)
  -------------------------------------------------------------------    -------------------
                         (clock sys_clk_pin rise edge)
                                                      0.000     0.000 r  
    E3                                                0.000     0.000 r  clk (IN)
                         net (fo=0)                   0.000     0.000    clk
    E3                   IBUF (Prop_ibuf_I_O)         1.482     1.482 r  clk_IBUF_inst/O
                         net (fo=1, routed)           2.025     3.506    clk_IBUF
    BUFGCTRL_X0Y16       BUFG (Prop_bufg_I_O)         0.096     3.602 r  clk_IBUF_BUFG_inst/O
                         net (fo=66, routed)          1.711     5.314    div1khz/clk_IBUF_BUFG
    SLICE_X7Y79          FDRE                                         r  div1khz/count_reg[31]/C
  -------------------------------------------------------------------    -------------------
    SLICE_X7Y79          FDRE (Prop_fdre_C_Q)         0.456     5.770 f  div1khz/count_reg[31]/Q
                         net (fo=2, routed)           0.809     6.579    div1khz/count_reg_n_0_[31]
    SLICE_X5Y79          LUT4 (Prop_lut4_I2_O)        0.124     6.703 f  div1khz/count[31]_i_9__1/O
                         net (fo=1, routed)           0.684     7.386    div1khz/count[31]_i_9__1_n_0
    SLICE_X5Y78          LUT5 (Prop_lut5_I4_O)        0.124     7.510 f  div1khz/count[31]_i_5__1/O
                         net (fo=1, routed)           0.959     8.470    div1khz/count[31]_i_5__1_n_0
    SLICE_X6Y75          LUT4 (Prop_lut4_I2_O)        0.124     8.594 r  div1khz/count[31]_i_1__1/O
                         net (fo=32, routed)          0.868     9.461    div1khz/count[31]_i_1__1_n_0
    SLICE_X7Y76          FDRE                                         r  div1khz/count_reg[18]/R
  -------------------------------------------------------------------    -------------------

                         (clock sys_clk_pin rise edge)
                                                     10.000    10.000 r  
    E3                                                0.000    10.000 r  clk (IN)
                         net (fo=0)                   0.000    10.000    clk
    E3                   IBUF (Prop_ibuf_I_O)         1.411    11.411 r  clk_IBUF_inst/O
                         net (fo=1, routed)           1.920    13.331    clk_IBUF
    BUFGCTRL_X0Y16       BUFG (Prop_bufg_I_O)         0.091    13.422 r  clk_IBUF_BUFG_inst/O
                         net (fo=66, routed)          1.588    15.011    div1khz/clk_IBUF_BUFG
    SLICE_X7Y76          FDRE                                         r  div1khz/count_reg[18]/C
                         clock pessimism              0.276    15.287    
                         clock uncertainty           -0.035    15.251    
    SLICE_X7Y76          FDRE (Setup_fdre_C_R)       -0.429    14.822    div1khz/count_reg[18]
  -------------------------------------------------------------------
                         required time                         14.822    
                         arrival time                          -9.461    
  -------------------------------------------------------------------
                         slack                                  5.361    





Min Delay Paths
--------------------------------------------------------------------------------------
Slack (MET) :             0.246ns  (arrival time - required time)
  Source:                 div100hz/count_reg[0]/C
                            (rising edge-triggered cell FDRE clocked by sys_clk_pin  {rise@0.000ns fall@5.000ns period=10.000ns})
  Destination:            div100hz/count_reg[0]/D
                            (rising edge-triggered cell FDRE clocked by sys_clk_pin  {rise@0.000ns fall@5.000ns period=10.000ns})
  Path Group:             sys_clk_pin
  Path Type:              Hold (Min at Fast Process Corner)
  Requirement:            0.000ns  (sys_clk_pin rise@0.000ns - sys_clk_pin rise@0.000ns)
  Data Path Delay:        0.351ns  (logic 0.183ns (52.092%)  route 0.168ns (47.908%))
  Logic Levels:           1  (LUT1=1)
  Clock Path Skew:        0.000ns (DCD - SCD - CPR)
    Destination Clock Delay (DCD):    1.998ns
    Source Clock Delay      (SCD):    1.482ns
    Clock Pessimism Removal (CPR):    0.515ns

    Location             Delay type                Incr(ns)  Path(ns)    Netlist Resource(s)
  -------------------------------------------------------------------    -------------------
                         (clock sys_clk_pin rise edge)
                                                      0.000     0.000 r  
    E3                                                0.000     0.000 r  clk (IN)
                         net (fo=0)                   0.000     0.000    clk
    E3                   IBUF (Prop_ibuf_I_O)         0.250     0.250 r  clk_IBUF_inst/O
                         net (fo=1, routed)           0.644     0.894    clk_IBUF
    BUFGCTRL_X0Y16       BUFG (Prop_bufg_I_O)         0.026     0.920 r  clk_IBUF_BUFG_inst/O
                         net (fo=66, routed)          0.563     1.482    div100hz/clk_IBUF_BUFG
    SLICE_X53Y92         FDRE                                         r  div100hz/count_reg[0]/C
  -------------------------------------------------------------------    -------------------
    SLICE_X53Y92         FDRE (Prop_fdre_C_Q)         0.141     1.623 f  div100hz/count_reg[0]/Q
                         net (fo=3, routed)           0.168     1.792    div100hz/count_reg_n_0_[0]
    SLICE_X53Y92         LUT1 (Prop_lut1_I0_O)        0.042     1.834 r  div100hz/count[0]_i_1/O
                         net (fo=1, routed)           0.000     1.834    div100hz/count[0]
    SLICE_X53Y92         FDRE                                         r  div100hz/count_reg[0]/D
  -------------------------------------------------------------------    -------------------

                         (clock sys_clk_pin rise edge)
                                                      0.000     0.000 r  
    E3                                                0.000     0.000 r  clk (IN)
                         net (fo=0)                   0.000     0.000    clk
    E3                   IBUF (Prop_ibuf_I_O)         0.438     0.438 r  clk_IBUF_inst/O
                         net (fo=1, routed)           0.699     1.136    clk_IBUF
    BUFGCTRL_X0Y16       BUFG (Prop_bufg_I_O)         0.029     1.165 r  clk_IBUF_BUFG_inst/O
                         net (fo=66, routed)          0.833     1.998    div100hz/clk_IBUF_BUFG
    SLICE_X53Y92         FDRE                                         r  div100hz/count_reg[0]/C
                         clock pessimism             -0.515     1.482    
    SLICE_X53Y92         FDRE (Hold_fdre_C_D)         0.105     1.587    div100hz/count_reg[0]
  -------------------------------------------------------------------
                         required time                         -1.587    
                         arrival time                           1.834    
  -------------------------------------------------------------------
                         slack                                  0.246    

Slack (MET) :             0.261ns  (arrival time - required time)
  Source:                 div1khz/count_reg[16]/C
                            (rising edge-triggered cell FDRE clocked by sys_clk_pin  {rise@0.000ns fall@5.000ns period=10.000ns})
  Destination:            div1khz/count_reg[16]/D
                            (rising edge-triggered cell FDRE clocked by sys_clk_pin  {rise@0.000ns fall@5.000ns period=10.000ns})
  Path Group:             sys_clk_pin
  Path Type:              Hold (Min at Fast Process Corner)
  Requirement:            0.000ns  (sys_clk_pin rise@0.000ns - sys_clk_pin rise@0.000ns)
  Data Path Delay:        0.366ns  (logic 0.249ns (67.994%)  route 0.117ns (32.006%))
  Logic Levels:           1  (CARRY4=1)
  Clock Path Skew:        0.000ns (DCD - SCD - CPR)
    Destination Clock Delay (DCD):    2.023ns
    Source Clock Delay      (SCD):    1.509ns
    Clock Pessimism Removal (CPR):    0.513ns

    Location             Delay type                Incr(ns)  Path(ns)    Netlist Resource(s)
  -------------------------------------------------------------------    -------------------
                         (clock sys_clk_pin rise edge)
                                                      0.000     0.000 r  
    E3                                                0.000     0.000 r  clk (IN)
                         net (fo=0)                   0.000     0.000    clk
    E3                   IBUF (Prop_ibuf_I_O)         0.250     0.250 r  clk_IBUF_inst/O
                         net (fo=1, routed)           0.644     0.894    clk_IBUF
    BUFGCTRL_X0Y16       BUFG (Prop_bufg_I_O)         0.026     0.920 r  clk_IBUF_BUFG_inst/O
                         net (fo=66, routed)          0.590     1.509    div1khz/clk_IBUF_BUFG
    SLICE_X7Y75          FDRE                                         r  div1khz/count_reg[16]/C
  -------------------------------------------------------------------    -------------------
    SLICE_X7Y75          FDRE (Prop_fdre_C_Q)         0.141     1.650 r  div1khz/count_reg[16]/Q
                         net (fo=2, routed)           0.117     1.768    div1khz/count_reg_n_0_[16]
    SLICE_X7Y75          CARRY4 (Prop_carry4_S[3]_O[3])
                                                      0.108     1.876 r  div1khz/count_reg[16]_i_1__1/O[3]
                         net (fo=1, routed)           0.000     1.876    div1khz/count_reg[16]_i_1__1_n_4
    SLICE_X7Y75          FDRE                                         r  div1khz/count_reg[16]/D
  -------------------------------------------------------------------    -------------------

                         (clock sys_clk_pin rise edge)
                                                      0.000     0.000 r  
    E3                                                0.000     0.000 r  clk (IN)
                         net (fo=0)                   0.000     0.000    clk
    E3                   IBUF (Prop_ibuf_I_O)         0.438     0.438 r  clk_IBUF_inst/O
                         net (fo=1, routed)           0.699     1.136    clk_IBUF
    BUFGCTRL_X0Y16       BUFG (Prop_bufg_I_O)         0.029     1.165 r  clk_IBUF_BUFG_inst/O
                         net (fo=66, routed)          0.858     2.023    div1khz/clk_IBUF_BUFG
    SLICE_X7Y75          FDRE                                         r  div1khz/count_reg[16]/C
                         clock pessimism             -0.513     1.509    
    SLICE_X7Y75          FDRE (Hold_fdre_C_D)         0.105     1.614    div1khz/count_reg[16]
  -------------------------------------------------------------------
                         required time                         -1.614    
                         arrival time                           1.876    
  -------------------------------------------------------------------
                         slack                                  0.261    

Slack (MET) :             0.264ns  (arrival time - required time)
  Source:                 div1khz/count_reg[28]/C
                            (rising edge-triggered cell FDRE clocked by sys_clk_pin  {rise@0.000ns fall@5.000ns period=10.000ns})
  Destination:            div1khz/count_reg[28]/D
                            (rising edge-triggered cell FDRE clocked by sys_clk_pin  {rise@0.000ns fall@5.000ns period=10.000ns})
  Path Group:             sys_clk_pin
  Path Type:              Hold (Min at Fast Process Corner)
  Requirement:            0.000ns  (sys_clk_pin rise@0.000ns - sys_clk_pin rise@0.000ns)
  Data Path Delay:        0.369ns  (logic 0.249ns (67.424%)  route 0.120ns (32.576%))
  Logic Levels:           1  (CARRY4=1)
  Clock Path Skew:        0.000ns (DCD - SCD - CPR)
    Destination Clock Delay (DCD):    2.027ns
    Source Clock Delay      (SCD):    1.512ns
    Clock Pessimism Removal (CPR):    0.514ns

    Location             Delay type                Incr(ns)  Path(ns)    Netlist Resource(s)
  -------------------------------------------------------------------    -------------------
                         (clock sys_clk_pin rise edge)
                                                      0.000     0.000 r  
    E3                                                0.000     0.000 r  clk (IN)
                         net (fo=0)                   0.000     0.000    clk
    E3                   IBUF (Prop_ibuf_I_O)         0.250     0.250 r  clk_IBUF_inst/O
                         net (fo=1, routed)           0.644     0.894    clk_IBUF
    BUFGCTRL_X0Y16       BUFG (Prop_bufg_I_O)         0.026     0.920 r  clk_IBUF_BUFG_inst/O
                         net (fo=66, routed)          0.593     1.512    div1khz/clk_IBUF_BUFG
    SLICE_X7Y78          FDRE                                         r  div1khz/count_reg[28]/C
  -------------------------------------------------------------------    -------------------
    SLICE_X7Y78          FDRE (Prop_fdre_C_Q)         0.141     1.653 r  div1khz/count_reg[28]/Q
                         net (fo=2, routed)           0.120     1.774    div1khz/count_reg_n_0_[28]
    SLICE_X7Y78          CARRY4 (Prop_carry4_S[3]_O[3])
                                                      0.108     1.882 r  div1khz/count_reg[28]_i_1__1/O[3]
                         net (fo=1, routed)           0.000     1.882    div1khz/count_reg[28]_i_1__1_n_4
    SLICE_X7Y78          FDRE                                         r  div1khz/count_reg[28]/D
  -------------------------------------------------------------------    -------------------

                         (clock sys_clk_pin rise edge)
                                                      0.000     0.000 r  
    E3                                                0.000     0.000 r  clk (IN)
                         net (fo=0)                   0.000     0.000    clk
    E3                   IBUF (Prop_ibuf_I_O)         0.438     0.438 r  clk_IBUF_inst/O
                         net (fo=1, routed)           0.699     1.136    clk_IBUF
    BUFGCTRL_X0Y16       BUFG (Prop_bufg_I_O)         0.029     1.165 r  clk_IBUF_BUFG_inst/O
                         net (fo=66, routed)          0.862     2.027    div1khz/clk_IBUF_BUFG
    SLICE_X7Y78          FDRE                                         r  div1khz/count_reg[28]/C
                         clock pessimism             -0.514     1.512    
    SLICE_X7Y78          FDRE (Hold_fdre_C_D)         0.105     1.617    div1khz/count_reg[28]
  -------------------------------------------------------------------
                         required time                         -1.617    
                         arrival time                           1.882    
  -------------------------------------------------------------------
                         slack                                  0.264    

Slack (MET) :             0.264ns  (arrival time - required time)
  Source:                 div1khz/count_reg[4]/C
                            (rising edge-triggered cell FDRE clocked by sys_clk_pin  {rise@0.000ns fall@5.000ns period=10.000ns})
  Destination:            div1khz/count_reg[4]/D
                            (rising edge-triggered cell FDRE clocked by sys_clk_pin  {rise@0.000ns fall@5.000ns period=10.000ns})
  Path Group:             sys_clk_pin
  Path Type:              Hold (Min at Fast Process Corner)
  Requirement:            0.000ns  (sys_clk_pin rise@0.000ns - sys_clk_pin rise@0.000ns)
  Data Path Delay:        0.369ns  (logic 0.249ns (67.424%)  route 0.120ns (32.576%))
  Logic Levels:           1  (CARRY4=1)
  Clock Path Skew:        0.000ns (DCD - SCD - CPR)
    Destination Clock Delay (DCD):    2.026ns
    Source Clock Delay      (SCD):    1.512ns
    Clock Pessimism Removal (CPR):    0.513ns

    Location             Delay type                Incr(ns)  Path(ns)    Netlist Resource(s)
  -------------------------------------------------------------------    -------------------
                         (clock sys_clk_pin rise edge)
                                                      0.000     0.000 r  
    E3                                                0.000     0.000 r  clk (IN)
                         net (fo=0)                   0.000     0.000    clk
    E3                   IBUF (Prop_ibuf_I_O)         0.250     0.250 r  clk_IBUF_inst/O
                         net (fo=1, routed)           0.644     0.894    clk_IBUF
    BUFGCTRL_X0Y16       BUFG (Prop_bufg_I_O)         0.026     0.920 r  clk_IBUF_BUFG_inst/O
                         net (fo=66, routed)          0.593     1.512    div1khz/clk_IBUF_BUFG
    SLICE_X7Y72          FDRE                                         r  div1khz/count_reg[4]/C
  -------------------------------------------------------------------    -------------------
    SLICE_X7Y72          FDRE (Prop_fdre_C_Q)         0.141     1.653 r  div1khz/count_reg[4]/Q
                         net (fo=2, routed)           0.120     1.774    div1khz/count_reg_n_0_[4]
    SLICE_X7Y72          CARRY4 (Prop_carry4_S[3]_O[3])
                                                      0.108     1.882 r  div1khz/count_reg[4]_i_1__1/O[3]
                         net (fo=1, routed)           0.000     1.882    div1khz/count_reg[4]_i_1__1_n_4
    SLICE_X7Y72          FDRE                                         r  div1khz/count_reg[4]/D
  -------------------------------------------------------------------    -------------------

                         (clock sys_clk_pin rise edge)
                                                      0.000     0.000 r  
    E3                                                0.000     0.000 r  clk (IN)
                         net (fo=0)                   0.000     0.000    clk
    E3                   IBUF (Prop_ibuf_I_O)         0.438     0.438 r  clk_IBUF_inst/O
                         net (fo=1, routed)           0.699     1.136    clk_IBUF
    BUFGCTRL_X0Y16       BUFG (Prop_bufg_I_O)         0.029     1.165 r  clk_IBUF_BUFG_inst/O
                         net (fo=66, routed)          0.861     2.026    div1khz/clk_IBUF_BUFG
    SLICE_X7Y72          FDRE                                         r  div1khz/count_reg[4]/C
                         clock pessimism             -0.513     1.512    
    SLICE_X7Y72          FDRE (Hold_fdre_C_D)         0.105     1.617    div1khz/count_reg[4]
  -------------------------------------------------------------------
                         required time                         -1.617    
                         arrival time                           1.882    
  -------------------------------------------------------------------
                         slack                                  0.264    

Slack (MET) :             0.264ns  (arrival time - required time)
  Source:                 div1khz/count_reg[8]/C
                            (rising edge-triggered cell FDRE clocked by sys_clk_pin  {rise@0.000ns fall@5.000ns period=10.000ns})
  Destination:            div1khz/count_reg[8]/D
                            (rising edge-triggered cell FDRE clocked by sys_clk_pin  {rise@0.000ns fall@5.000ns period=10.000ns})
  Path Group:             sys_clk_pin
  Path Type:              Hold (Min at Fast Process Corner)
  Requirement:            0.000ns  (sys_clk_pin rise@0.000ns - sys_clk_pin rise@0.000ns)
  Data Path Delay:        0.369ns  (logic 0.249ns (67.424%)  route 0.120ns (32.576%))
  Logic Levels:           1  (CARRY4=1)
  Clock Path Skew:        0.000ns (DCD - SCD - CPR)
    Destination Clock Delay (DCD):    2.024ns
    Source Clock Delay      (SCD):    1.510ns
    Clock Pessimism Removal (CPR):    0.513ns

    Location             Delay type                Incr(ns)  Path(ns)    Netlist Resource(s)
  -------------------------------------------------------------------    -------------------
                         (clock sys_clk_pin rise edge)
                                                      0.000     0.000 r  
    E3                                                0.000     0.000 r  clk (IN)
                         net (fo=0)                   0.000     0.000    clk
    E3                   IBUF (Prop_ibuf_I_O)         0.250     0.250 r  clk_IBUF_inst/O
                         net (fo=1, routed)           0.644     0.894    clk_IBUF
    BUFGCTRL_X0Y16       BUFG (Prop_bufg_I_O)         0.026     0.920 r  clk_IBUF_BUFG_inst/O
                         net (fo=66, routed)          0.591     1.510    div1khz/clk_IBUF_BUFG
    SLICE_X7Y73          FDRE                                         r  div1khz/count_reg[8]/C
  -------------------------------------------------------------------    -------------------
    SLICE_X7Y73          FDRE (Prop_fdre_C_Q)         0.141     1.651 r  div1khz/count_reg[8]/Q
                         net (fo=2, routed)           0.120     1.772    div1khz/count_reg_n_0_[8]
    SLICE_X7Y73          CARRY4 (Prop_carry4_S[3]_O[3])
                                                      0.108     1.880 r  div1khz/count_reg[8]_i_1__1/O[3]
                         net (fo=1, routed)           0.000     1.880    div1khz/count_reg[8]_i_1__1_n_4
    SLICE_X7Y73          FDRE                                         r  div1khz/count_reg[8]/D
  -------------------------------------------------------------------    -------------------

                         (clock sys_clk_pin rise edge)
                                                      0.000     0.000 r  
    E3                                                0.000     0.000 r  clk (IN)
                         net (fo=0)                   0.000     0.000    clk
    E3                   IBUF (Prop_ibuf_I_O)         0.438     0.438 r  clk_IBUF_inst/O
                         net (fo=1, routed)           0.699     1.136    clk_IBUF
    BUFGCTRL_X0Y16       BUFG (Prop_bufg_I_O)         0.029     1.165 r  clk_IBUF_BUFG_inst/O
                         net (fo=66, routed)          0.859     2.024    div1khz/clk_IBUF_BUFG
    SLICE_X7Y73          FDRE                                         r  div1khz/count_reg[8]/C
                         clock pessimism             -0.513     1.510    
    SLICE_X7Y73          FDRE (Hold_fdre_C_D)         0.105     1.615    div1khz/count_reg[8]
  -------------------------------------------------------------------
                         required time                         -1.615    
                         arrival time                           1.880    
  -------------------------------------------------------------------
                         slack                                  0.264    

Slack (MET) :             0.264ns  (arrival time - required time)
  Source:                 div1khz/count_reg[12]/C
                            (rising edge-triggered cell FDRE clocked by sys_clk_pin  {rise@0.000ns fall@5.000ns period=10.000ns})
  Destination:            div1khz/count_reg[12]/D
                            (rising edge-triggered cell FDRE clocked by sys_clk_pin  {rise@0.000ns fall@5.000ns period=10.000ns})
  Path Group:             sys_clk_pin
  Path Type:              Hold (Min at Fast Process Corner)
  Requirement:            0.000ns  (sys_clk_pin rise@0.000ns - sys_clk_pin rise@0.000ns)
  Data Path Delay:        0.369ns  (logic 0.249ns (67.424%)  route 0.120ns (32.576%))
  Logic Levels:           1  (CARRY4=1)
  Clock Path Skew:        0.000ns (DCD - SCD - CPR)
    Destination Clock Delay (DCD):    2.023ns
    Source Clock Delay      (SCD):    1.509ns
    Clock Pessimism Removal (CPR):    0.513ns

    Location             Delay type                Incr(ns)  Path(ns)    Netlist Resource(s)
  -------------------------------------------------------------------    -------------------
                         (clock sys_clk_pin rise edge)
                                                      0.000     0.000 r  
    E3                                                0.000     0.000 r  clk (IN)
                         net (fo=0)                   0.000     0.000    clk
    E3                   IBUF (Prop_ibuf_I_O)         0.250     0.250 r  clk_IBUF_inst/O
                         net (fo=1, routed)           0.644     0.894    clk_IBUF
    BUFGCTRL_X0Y16       BUFG (Prop_bufg_I_O)         0.026     0.920 r  clk_IBUF_BUFG_inst/O
                         net (fo=66, routed)          0.590     1.509    div1khz/clk_IBUF_BUFG
    SLICE_X7Y74          FDRE                                         r  div1khz/count_reg[12]/C
  -------------------------------------------------------------------    -------------------
    SLICE_X7Y74          FDRE (Prop_fdre_C_Q)         0.141     1.650 r  div1khz/count_reg[12]/Q
                         net (fo=2, routed)           0.120     1.771    div1khz/count_reg_n_0_[12]
    SLICE_X7Y74          CARRY4 (Prop_carry4_S[3]_O[3])
                                                      0.108     1.879 r  div1khz/count_reg[12]_i_1__1/O[3]
                         net (fo=1, routed)           0.000     1.879    div1khz/count_reg[12]_i_1__1_n_4
    SLICE_X7Y74          FDRE                                         r  div1khz/count_reg[12]/D
  -------------------------------------------------------------------    -------------------

                         (clock sys_clk_pin rise edge)
                                                      0.000     0.000 r  
    E3                                                0.000     0.000 r  clk (IN)
                         net (fo=0)                   0.000     0.000    clk
    E3                   IBUF (Prop_ibuf_I_O)         0.438     0.438 r  clk_IBUF_inst/O
                         net (fo=1, routed)           0.699     1.136    clk_IBUF
    BUFGCTRL_X0Y16       BUFG (Prop_bufg_I_O)         0.029     1.165 r  clk_IBUF_BUFG_inst/O
                         net (fo=66, routed)          0.858     2.023    div1khz/clk_IBUF_BUFG
    SLICE_X7Y74          FDRE                                         r  div1khz/count_reg[12]/C
                         clock pessimism             -0.513     1.509    
    SLICE_X7Y74          FDRE (Hold_fdre_C_D)         0.105     1.614    div1khz/count_reg[12]
  -------------------------------------------------------------------
                         required time                         -1.614    
                         arrival time                           1.879    
  -------------------------------------------------------------------
                         slack                                  0.264    

Slack (MET) :             0.264ns  (arrival time - required time)
  Source:                 div1khz/count_reg[20]/C
                            (rising edge-triggered cell FDRE clocked by sys_clk_pin  {rise@0.000ns fall@5.000ns period=10.000ns})
  Destination:            div1khz/count_reg[20]/D
                            (rising edge-triggered cell FDRE clocked by sys_clk_pin  {rise@0.000ns fall@5.000ns period=10.000ns})
  Path Group:             sys_clk_pin
  Path Type:              Hold (Min at Fast Process Corner)
  Requirement:            0.000ns  (sys_clk_pin rise@0.000ns - sys_clk_pin rise@0.000ns)
  Data Path Delay:        0.369ns  (logic 0.249ns (67.412%)  route 0.120ns (32.588%))
  Logic Levels:           1  (CARRY4=1)
  Clock Path Skew:        0.000ns (DCD - SCD - CPR)
    Destination Clock Delay (DCD):    2.024ns
    Source Clock Delay      (SCD):    1.510ns
    Clock Pessimism Removal (CPR):    0.513ns

    Location             Delay type                Incr(ns)  Path(ns)    Netlist Resource(s)
  -------------------------------------------------------------------    -------------------
                         (clock sys_clk_pin rise edge)
                                                      0.000     0.000 r  
    E3                                                0.000     0.000 r  clk (IN)
                         net (fo=0)                   0.000     0.000    clk
    E3                   IBUF (Prop_ibuf_I_O)         0.250     0.250 r  clk_IBUF_inst/O
                         net (fo=1, routed)           0.644     0.894    clk_IBUF
    BUFGCTRL_X0Y16       BUFG (Prop_bufg_I_O)         0.026     0.920 r  clk_IBUF_BUFG_inst/O
                         net (fo=66, routed)          0.591     1.510    div1khz/clk_IBUF_BUFG
    SLICE_X7Y76          FDRE                                         r  div1khz/count_reg[20]/C
  -------------------------------------------------------------------    -------------------
    SLICE_X7Y76          FDRE (Prop_fdre_C_Q)         0.141     1.651 r  div1khz/count_reg[20]/Q
                         net (fo=2, routed)           0.120     1.772    div1khz/count_reg_n_0_[20]
    SLICE_X7Y76          CARRY4 (Prop_carry4_S[3]_O[3])
                                                      0.108     1.880 r  div1khz/count_reg[20]_i_1__1/O[3]
                         net (fo=1, routed)           0.000     1.880    div1khz/count_reg[20]_i_1__1_n_4
    SLICE_X7Y76          FDRE                                         r  div1khz/count_reg[20]/D
  -------------------------------------------------------------------    -------------------

                         (clock sys_clk_pin rise edge)
                                                      0.000     0.000 r  
    E3                                                0.000     0.000 r  clk (IN)
                         net (fo=0)                   0.000     0.000    clk
    E3                   IBUF (Prop_ibuf_I_O)         0.438     0.438 r  clk_IBUF_inst/O
                         net (fo=1, routed)           0.699     1.136    clk_IBUF
    BUFGCTRL_X0Y16       BUFG (Prop_bufg_I_O)         0.029     1.165 r  clk_IBUF_BUFG_inst/O
                         net (fo=66, routed)          0.859     2.024    div1khz/clk_IBUF_BUFG
    SLICE_X7Y76          FDRE                                         r  div1khz/count_reg[20]/C
                         clock pessimism             -0.513     1.510    
    SLICE_X7Y76          FDRE (Hold_fdre_C_D)         0.105     1.615    div1khz/count_reg[20]
  -------------------------------------------------------------------
                         required time                         -1.615    
                         arrival time                           1.880    
  -------------------------------------------------------------------
                         slack                                  0.264    

Slack (MET) :             0.264ns  (arrival time - required time)
  Source:                 div1khz/count_reg[24]/C
                            (rising edge-triggered cell FDRE clocked by sys_clk_pin  {rise@0.000ns fall@5.000ns period=10.000ns})
  Destination:            div1khz/count_reg[24]/D
                            (rising edge-triggered cell FDRE clocked by sys_clk_pin  {rise@0.000ns fall@5.000ns period=10.000ns})
  Path Group:             sys_clk_pin
  Path Type:              Hold (Min at Fast Process Corner)
  Requirement:            0.000ns  (sys_clk_pin rise@0.000ns - sys_clk_pin rise@0.000ns)
  Data Path Delay:        0.369ns  (logic 0.249ns (67.412%)  route 0.120ns (32.588%))
  Logic Levels:           1  (CARRY4=1)
  Clock Path Skew:        0.000ns (DCD - SCD - CPR)
    Destination Clock Delay (DCD):    2.026ns
    Source Clock Delay      (SCD):    1.512ns
    Clock Pessimism Removal (CPR):    0.513ns

    Location             Delay type                Incr(ns)  Path(ns)    Netlist Resource(s)
  -------------------------------------------------------------------    -------------------
                         (clock sys_clk_pin rise edge)
                                                      0.000     0.000 r  
    E3                                                0.000     0.000 r  clk (IN)
                         net (fo=0)                   0.000     0.000    clk
    E3                   IBUF (Prop_ibuf_I_O)         0.250     0.250 r  clk_IBUF_inst/O
                         net (fo=1, routed)           0.644     0.894    clk_IBUF
    BUFGCTRL_X0Y16       BUFG (Prop_bufg_I_O)         0.026     0.920 r  clk_IBUF_BUFG_inst/O
                         net (fo=66, routed)          0.593     1.512    div1khz/clk_IBUF_BUFG
    SLICE_X7Y77          FDRE                                         r  div1khz/count_reg[24]/C
  -------------------------------------------------------------------    -------------------
    SLICE_X7Y77          FDRE (Prop_fdre_C_Q)         0.141     1.653 r  div1khz/count_reg[24]/Q
                         net (fo=2, routed)           0.120     1.774    div1khz/count_reg_n_0_[24]
    SLICE_X7Y77          CARRY4 (Prop_carry4_S[3]_O[3])
                                                      0.108     1.882 r  div1khz/count_reg[24]_i_1__1/O[3]
                         net (fo=1, routed)           0.000     1.882    div1khz/count_reg[24]_i_1__1_n_4
    SLICE_X7Y77          FDRE                                         r  div1khz/count_reg[24]/D
  -------------------------------------------------------------------    -------------------

                         (clock sys_clk_pin rise edge)
                                                      0.000     0.000 r  
    E3                                                0.000     0.000 r  clk (IN)
                         net (fo=0)                   0.000     0.000    clk
    E3                   IBUF (Prop_ibuf_I_O)         0.438     0.438 r  clk_IBUF_inst/O
                         net (fo=1, routed)           0.699     1.136    clk_IBUF
    BUFGCTRL_X0Y16       BUFG (Prop_bufg_I_O)         0.029     1.165 r  clk_IBUF_BUFG_inst/O
                         net (fo=66, routed)          0.861     2.026    div1khz/clk_IBUF_BUFG
    SLICE_X7Y77          FDRE                                         r  div1khz/count_reg[24]/C
                         clock pessimism             -0.513     1.512    
    SLICE_X7Y77          FDRE (Hold_fdre_C_D)         0.105     1.617    div1khz/count_reg[24]
  -------------------------------------------------------------------
                         required time                         -1.617    
                         arrival time                           1.882    
  -------------------------------------------------------------------
                         slack                                  0.264    

Slack (MET) :             0.265ns  (arrival time - required time)
  Source:                 div1khz/count_reg[13]/C
                            (rising edge-triggered cell FDRE clocked by sys_clk_pin  {rise@0.000ns fall@5.000ns period=10.000ns})
  Destination:            div1khz/count_reg[13]/D
                            (rising edge-triggered cell FDRE clocked by sys_clk_pin  {rise@0.000ns fall@5.000ns period=10.000ns})
  Path Group:             sys_clk_pin
  Path Type:              Hold (Min at Fast Process Corner)
  Requirement:            0.000ns  (sys_clk_pin rise@0.000ns - sys_clk_pin rise@0.000ns)
  Data Path Delay:        0.370ns  (logic 0.256ns (69.150%)  route 0.114ns (30.850%))
  Logic Levels:           1  (CARRY4=1)
  Clock Path Skew:        0.000ns (DCD - SCD - CPR)
    Destination Clock Delay (DCD):    2.023ns
    Source Clock Delay      (SCD):    1.509ns
    Clock Pessimism Removal (CPR):    0.513ns

    Location             Delay type                Incr(ns)  Path(ns)    Netlist Resource(s)
  -------------------------------------------------------------------    -------------------
                         (clock sys_clk_pin rise edge)
                                                      0.000     0.000 r  
    E3                                                0.000     0.000 r  clk (IN)
                         net (fo=0)                   0.000     0.000    clk
    E3                   IBUF (Prop_ibuf_I_O)         0.250     0.250 r  clk_IBUF_inst/O
                         net (fo=1, routed)           0.644     0.894    clk_IBUF
    BUFGCTRL_X0Y16       BUFG (Prop_bufg_I_O)         0.026     0.920 r  clk_IBUF_BUFG_inst/O
                         net (fo=66, routed)          0.590     1.509    div1khz/clk_IBUF_BUFG
    SLICE_X7Y75          FDRE                                         r  div1khz/count_reg[13]/C
  -------------------------------------------------------------------    -------------------
    SLICE_X7Y75          FDRE (Prop_fdre_C_Q)         0.141     1.650 r  div1khz/count_reg[13]/Q
                         net (fo=2, routed)           0.114     1.765    div1khz/count_reg_n_0_[13]
    SLICE_X7Y75          CARRY4 (Prop_carry4_S[0]_O[0])
                                                      0.115     1.880 r  div1khz/count_reg[16]_i_1__1/O[0]
                         net (fo=1, routed)           0.000     1.880    div1khz/count_reg[16]_i_1__1_n_7
    SLICE_X7Y75          FDRE                                         r  div1khz/count_reg[13]/D
  -------------------------------------------------------------------    -------------------

                         (clock sys_clk_pin rise edge)
                                                      0.000     0.000 r  
    E3                                                0.000     0.000 r  clk (IN)
                         net (fo=0)                   0.000     0.000    clk
    E3                   IBUF (Prop_ibuf_I_O)         0.438     0.438 r  clk_IBUF_inst/O
                         net (fo=1, routed)           0.699     1.136    clk_IBUF
    BUFGCTRL_X0Y16       BUFG (Prop_bufg_I_O)         0.029     1.165 r  clk_IBUF_BUFG_inst/O
                         net (fo=66, routed)          0.858     2.023    div1khz/clk_IBUF_BUFG
    SLICE_X7Y75          FDRE                                         r  div1khz/count_reg[13]/C
                         clock pessimism             -0.513     1.509    
    SLICE_X7Y75          FDRE (Hold_fdre_C_D)         0.105     1.614    div1khz/count_reg[13]
  -------------------------------------------------------------------
                         required time                         -1.614    
                         arrival time                           1.880    
  -------------------------------------------------------------------
                         slack                                  0.265    

Slack (MET) :             0.267ns  (arrival time - required time)
  Source:                 div1khz/count_reg[5]/C
                            (rising edge-triggered cell FDRE clocked by sys_clk_pin  {rise@0.000ns fall@5.000ns period=10.000ns})
  Destination:            div1khz/count_reg[5]/D
                            (rising edge-triggered cell FDRE clocked by sys_clk_pin  {rise@0.000ns fall@5.000ns period=10.000ns})
  Path Group:             sys_clk_pin
  Path Type:              Hold (Min at Fast Process Corner)
  Requirement:            0.000ns  (sys_clk_pin rise@0.000ns - sys_clk_pin rise@0.000ns)
  Data Path Delay:        0.372ns  (logic 0.256ns (68.766%)  route 0.116ns (31.234%))
  Logic Levels:           1  (CARRY4=1)
  Clock Path Skew:        0.000ns (DCD - SCD - CPR)
    Destination Clock Delay (DCD):    2.024ns
    Source Clock Delay      (SCD):    1.510ns
    Clock Pessimism Removal (CPR):    0.513ns

    Location             Delay type                Incr(ns)  Path(ns)    Netlist Resource(s)
  -------------------------------------------------------------------    -------------------
                         (clock sys_clk_pin rise edge)
                                                      0.000     0.000 r  
    E3                                                0.000     0.000 r  clk (IN)
                         net (fo=0)                   0.000     0.000    clk
    E3                   IBUF (Prop_ibuf_I_O)         0.250     0.250 r  clk_IBUF_inst/O
                         net (fo=1, routed)           0.644     0.894    clk_IBUF
    BUFGCTRL_X0Y16       BUFG (Prop_bufg_I_O)         0.026     0.920 r  clk_IBUF_BUFG_inst/O
                         net (fo=66, routed)          0.591     1.510    div1khz/clk_IBUF_BUFG
    SLICE_X7Y73          FDRE                                         r  div1khz/count_reg[5]/C
  -------------------------------------------------------------------    -------------------
    SLICE_X7Y73          FDRE (Prop_fdre_C_Q)         0.141     1.651 r  div1khz/count_reg[5]/Q
                         net (fo=2, routed)           0.116     1.768    div1khz/count_reg_n_0_[5]
    SLICE_X7Y73          CARRY4 (Prop_carry4_S[0]_O[0])
                                                      0.115     1.883 r  div1khz/count_reg[8]_i_1__1/O[0]
                         net (fo=1, routed)           0.000     1.883    div1khz/count_reg[8]_i_1__1_n_7
    SLICE_X7Y73          FDRE                                         r  div1khz/count_reg[5]/D
  -------------------------------------------------------------------    -------------------

                         (clock sys_clk_pin rise edge)
                                                      0.000     0.000 r  
    E3                                                0.000     0.000 r  clk (IN)
                         net (fo=0)                   0.000     0.000    clk
    E3                   IBUF (Prop_ibuf_I_O)         0.438     0.438 r  clk_IBUF_inst/O
                         net (fo=1, routed)           0.699     1.136    clk_IBUF
    BUFGCTRL_X0Y16       BUFG (Prop_bufg_I_O)         0.029     1.165 r  clk_IBUF_BUFG_inst/O
                         net (fo=66, routed)          0.859     2.024    div1khz/clk_IBUF_BUFG
    SLICE_X7Y73          FDRE                                         r  div1khz/count_reg[5]/C
                         clock pessimism             -0.513     1.510    
    SLICE_X7Y73          FDRE (Hold_fdre_C_D)         0.105     1.615    div1khz/count_reg[5]
  -------------------------------------------------------------------
                         required time                         -1.615    
                         arrival time                           1.883    
  -------------------------------------------------------------------
                         slack                                  0.267    





Pulse Width Checks
--------------------------------------------------------------------------------------
Clock Name:         sys_clk_pin
Waveform(ns):       { 0.000 5.000 }
Period(ns):         10.000
Sources:            { clk }

Check Type        Corner  Lib Pin  Reference Pin  Required(ns)  Actual(ns)  Slack(ns)  Location        Pin
Min Period        n/a     BUFG/I   n/a            2.155         10.000      7.845      BUFGCTRL_X0Y16  clk_IBUF_BUFG_inst/I
Min Period        n/a     FDRE/C   n/a            1.000         10.000      9.000      SLICE_X52Y96    div100hz/count_reg[17]/C
Min Period        n/a     FDRE/C   n/a            1.000         10.000      9.000      SLICE_X52Y96    div100hz/count_reg[18]/C
Min Period        n/a     FDRE/C   n/a            1.000         10.000      9.000      SLICE_X52Y96    div100hz/count_reg[19]/C
Min Period        n/a     FDRE/C   n/a            1.000         10.000      9.000      SLICE_X52Y92    div100hz/count_reg[1]/C
Min Period        n/a     FDRE/C   n/a            1.000         10.000      9.000      SLICE_X52Y96    div100hz/count_reg[20]/C
Min Period        n/a     FDRE/C   n/a            1.000         10.000      9.000      SLICE_X52Y97    div100hz/count_reg[21]/C
Min Period        n/a     FDRE/C   n/a            1.000         10.000      9.000      SLICE_X52Y97    div100hz/count_reg[22]/C
Min Period        n/a     FDRE/C   n/a            1.000         10.000      9.000      SLICE_X52Y97    div100hz/count_reg[23]/C
Min Period        n/a     FDRE/C   n/a            1.000         10.000      9.000      SLICE_X52Y97    div100hz/count_reg[24]/C
Low Pulse Width   Slow    FDRE/C   n/a            0.500         5.000       4.500      SLICE_X6Y73     div1khz/count_reg[0]/C
Low Pulse Width   Slow    FDRE/C   n/a            0.500         5.000       4.500      SLICE_X7Y73     div1khz/count_reg[5]/C
Low Pulse Width   Slow    FDRE/C   n/a            0.500         5.000       4.500      SLICE_X7Y73     div1khz/count_reg[6]/C
Low Pulse Width   Slow    FDRE/C   n/a            0.500         5.000       4.500      SLICE_X7Y73     div1khz/count_reg[7]/C
Low Pulse Width   Slow    FDRE/C   n/a            0.500         5.000       4.500      SLICE_X7Y73     div1khz/count_reg[8]/C
Low Pulse Width   Slow    FDRE/C   n/a            0.500         5.000       4.500      SLICE_X7Y76     div1khz/count_reg[17]/C
Low Pulse Width   Slow    FDRE/C   n/a            0.500         5.000       4.500      SLICE_X7Y76     div1khz/count_reg[18]/C
Low Pulse Width   Slow    FDRE/C   n/a            0.500         5.000       4.500      SLICE_X7Y76     div1khz/count_reg[19]/C
Low Pulse Width   Slow    FDRE/C   n/a            0.500         5.000       4.500      SLICE_X7Y76     div1khz/count_reg[20]/C
Low Pulse Width   Slow    FDRE/C   n/a            0.500         5.000       4.500      SLICE_X52Y96    div100hz/count_reg[17]/C
High Pulse Width  Slow    FDRE/C   n/a            0.500         5.000       4.500      SLICE_X52Y96    div100hz/count_reg[17]/C
High Pulse Width  Fast    FDRE/C   n/a            0.500         5.000       4.500      SLICE_X52Y96    div100hz/count_reg[17]/C
High Pulse Width  Slow    FDRE/C   n/a            0.500         5.000       4.500      SLICE_X52Y96    div100hz/count_reg[18]/C
High Pulse Width  Fast    FDRE/C   n/a            0.500         5.000       4.500      SLICE_X52Y96    div100hz/count_reg[18]/C
High Pulse Width  Slow    FDRE/C   n/a            0.500         5.000       4.500      SLICE_X52Y96    div100hz/count_reg[19]/C
High Pulse Width  Fast    FDRE/C   n/a            0.500         5.000       4.500      SLICE_X52Y96    div100hz/count_reg[19]/C
High Pulse Width  Slow    FDRE/C   n/a            0.500         5.000       4.500      SLICE_X52Y92    div100hz/count_reg[1]/C
High Pulse Width  Fast    FDRE/C   n/a            0.500         5.000       4.500      SLICE_X52Y92    div100hz/count_reg[1]/C
High Pulse Width  Slow    FDRE/C   n/a            0.500         5.000       4.500      SLICE_X52Y96    div100hz/count_reg[20]/C
High Pulse Width  Fast    FDRE/C   n/a            0.500         5.000       4.500      SLICE_X52Y96    div100hz/count_reg[20]/C



